{"timestamp":"2025-08-17T08:18:03.045Z","level":"INFO","message":"🔒 Security Monitor initialized","meta":{},"pid":9700}
{"timestamp":"2025-08-17T08:18:13.197Z","level":"INFO","message":"🔒 Security Monitor initialized","meta":{},"pid":9700}
{"timestamp":"2025-08-17T08:18:40.944Z","level":"INFO","message":"Message received","meta":{"userId":"264817375744@s.whatsapp.net","businessId":"NBDwyFAuTqWyzzUDFsztNJbQMw82","messageLength":0,"action":"received"},"pid":9700}
{"timestamp":"2025-08-17T08:18:49.824Z","level":"INFO","message":"Message received","meta":{"userId":"264817375744@s.whatsapp.net","businessId":"NBDwyFAuTqWyzzUDFsztNJbQMw82","messageLength":0,"action":"received"},"pid":9700}
{"timestamp":"2025-08-17T08:38:06.807Z","level":"INFO","message":"🛑 Security Monitor shutting down...","meta":{},"pid":9700}
{"timestamp":"2025-08-17T08:38:06.807Z","level":"INFO","message":"📊 Security stats: {\"threatsDetected\":0,\"usersBlocked\":0,\"messagesBlocked\":0,\"alertsSent\":0,\"startTime\":1755418683045,\"activeThreats\":0,\"blockedUsers\":0,\"whitelistedUsers\":0,\"suspiciousPatterns\":0,\"uptime\":1203762}","meta":{},"pid":9700}
{"timestamp":"2025-08-17T08:38:06.808Z","level":"INFO","message":"✅ Security Monitor shutdown complete","meta":{},"pid":9700}
{"timestamp":"2025-08-17T08:38:26.082Z","level":"INFO","message":"🔒 Security Monitor initialized","meta":{},"pid":9968}
{"timestamp":"2025-08-17T08:38:30.376Z","level":"INFO","message":"🔒 Security Monitor initialized","meta":{},"pid":9968}
{"timestamp":"2025-08-17T08:46:06.670Z","level":"INFO","message":"🛑 Security Monitor shutting down...","meta":{},"pid":9968}
{"timestamp":"2025-08-17T08:46:06.670Z","level":"INFO","message":"📊 Security stats: {\"threatsDetected\":0,\"usersBlocked\":0,\"messagesBlocked\":0,\"alertsSent\":0,\"startTime\":1755419906082,\"activeThreats\":0,\"blockedUsers\":0,\"whitelistedUsers\":0,\"suspiciousPatterns\":0,\"uptime\":460588}","meta":{},"pid":9968}
{"timestamp":"2025-08-17T08:46:06.671Z","level":"INFO","message":"✅ Security Monitor shutdown complete","meta":{},"pid":9968}
{"timestamp":"2025-08-17T08:46:14.314Z","level":"INFO","message":"🔒 Security Monitor initialized","meta":{},"pid":2212}
{"timestamp":"2025-08-17T08:46:18.458Z","level":"INFO","message":"🔒 Security Monitor initialized","meta":{},"pid":2212}
{"timestamp":"2025-08-17T08:46:51.792Z","level":"INFO","message":"Message received","meta":{"userId":"264817375744@s.whatsapp.net","businessId":"default","messageLength":0,"action":"received"},"pid":2212}
{"timestamp":"2025-08-17T08:47:05.754Z","level":"INFO","message":"Message received","meta":{"userId":"264817375744@s.whatsapp.net","businessId":"default","messageLength":0,"action":"received"},"pid":2212}
{"timestamp":"2025-08-17T08:47:16.659Z","level":"INFO","message":"Message received","meta":{"userId":"264817375744@s.whatsapp.net","businessId":"default","messageLength":0,"action":"received"},"pid":2212}
{"timestamp":"2025-08-17T11:18:40.620Z","level":"INFO","message":"🛑 Security Monitor shutting down...","meta":{},"pid":2212}
{"timestamp":"2025-08-17T11:18:40.621Z","level":"INFO","message":"📊 Security stats: {\"threatsDetected\":0,\"usersBlocked\":0,\"messagesBlocked\":0,\"alertsSent\":0,\"startTime\":1755420374314,\"activeThreats\":0,\"blockedUsers\":0,\"whitelistedUsers\":0,\"suspiciousPatterns\":0,\"uptime\":9146307}","meta":{},"pid":2212}
{"timestamp":"2025-08-17T11:18:40.621Z","level":"INFO","message":"✅ Security Monitor shutdown complete","meta":{},"pid":2212}
{"timestamp":"2025-08-17T11:19:07.489Z","level":"INFO","message":"🔒 Security Monitor initialized","meta":{},"pid":6268}
{"timestamp":"2025-08-17T11:19:18.876Z","level":"INFO","message":"🔒 Security Monitor initialized","meta":{},"pid":6268}
{"timestamp":"2025-08-17T11:21:54.879Z","level":"INFO","message":"Message received","meta":{"userId":"264817375744@s.whatsapp.net","businessId":"default","messageLength":0,"action":"received"},"pid":6268}
{"timestamp":"2025-08-17T11:22:07.380Z","level":"INFO","message":"Message received","meta":{"userId":"264817375744@s.whatsapp.net","businessId":"default","messageLength":0,"action":"received"},"pid":6268}
{"timestamp":"2025-08-17T11:22:19.487Z","level":"INFO","message":"Message received","meta":{"userId":"264817375744@s.whatsapp.net","businessId":"default","messageLength":0,"action":"received"},"pid":6268}
{"timestamp":"2025-08-17T11:37:16.479Z","level":"INFO","message":"Message received","meta":{"userId":"264817375744@s.whatsapp.net","businessId":"default","messageLength":0,"action":"received"},"pid":6268}
{"timestamp":"2025-08-17T11:37:38.091Z","level":"INFO","message":"Message received","meta":{"userId":"264817375744@s.whatsapp.net","businessId":"default","messageLength":0,"action":"received"},"pid":6268}
{"timestamp":"2025-08-17T11:37:53.948Z","level":"INFO","message":"Message received","meta":{"userId":"264817375744@s.whatsapp.net","businessId":"default","messageLength":0,"action":"received"},"pid":6268}
{"timestamp":"2025-08-17T11:38:17.357Z","level":"INFO","message":"🛑 Security Monitor shutting down...","meta":{},"pid":6268}
{"timestamp":"2025-08-17T11:38:17.357Z","level":"INFO","message":"📊 Security stats: {\"threatsDetected\":0,\"usersBlocked\":0,\"messagesBlocked\":0,\"alertsSent\":0,\"startTime\":1755429547488,\"activeThreats\":0,\"blockedUsers\":0,\"whitelistedUsers\":0,\"suspiciousPatterns\":0,\"uptime\":1149869}","meta":{},"pid":6268}
{"timestamp":"2025-08-17T11:38:17.358Z","level":"INFO","message":"✅ Security Monitor shutdown complete","meta":{},"pid":6268}
{"timestamp":"2025-08-17T11:38:28.682Z","level":"INFO","message":"🔒 Security Monitor initialized","meta":{},"pid":15748}
{"timestamp":"2025-08-17T11:38:33.020Z","level":"INFO","message":"🔒 Security Monitor initialized","meta":{},"pid":15748}
{"timestamp":"2025-08-17T11:38:45.833Z","level":"INFO","message":"Message received","meta":{"userId":"264817375744@s.whatsapp.net","businessId":"default","messageLength":0,"action":"received"},"pid":15748}
{"timestamp":"2025-08-17T11:38:58.044Z","level":"INFO","message":"Message received","meta":{"userId":"264817375744@s.whatsapp.net","businessId":"default","messageLength":0,"action":"received"},"pid":15748}
{"timestamp":"2025-08-17T11:39:09.263Z","level":"INFO","message":"Message received","meta":{"userId":"264817375744@s.whatsapp.net","businessId":"default","messageLength":0,"action":"received"},"pid":15748}
{"timestamp":"2025-08-17T11:49:46.348Z","level":"INFO","message":"🛑 Security Monitor shutting down...","meta":{},"pid":15748}
{"timestamp":"2025-08-17T11:49:46.348Z","level":"INFO","message":"📊 Security stats: {\"threatsDetected\":0,\"usersBlocked\":0,\"messagesBlocked\":0,\"alertsSent\":0,\"startTime\":1755430708681,\"activeThreats\":0,\"blockedUsers\":0,\"whitelistedUsers\":0,\"suspiciousPatterns\":0,\"uptime\":677667}","meta":{},"pid":15748}
{"timestamp":"2025-08-17T11:49:46.349Z","level":"INFO","message":"✅ Security Monitor shutdown complete","meta":{},"pid":15748}
{"timestamp":"2025-08-17T11:49:57.808Z","level":"INFO","message":"🔒 Security Monitor initialized","meta":{},"pid":13016}
{"timestamp":"2025-08-17T11:50:00.794Z","level":"INFO","message":"🔒 Security Monitor initialized","meta":{},"pid":13016}
{"timestamp":"2025-08-17T11:50:14.191Z","level":"INFO","message":"Message received","meta":{"userId":"264817375744@s.whatsapp.net","businessId":"default","messageLength":0,"action":"received"},"pid":13016}
{"timestamp":"2025-08-17T11:50:27.923Z","level":"INFO","message":"Message received","meta":{"userId":"264817375744@s.whatsapp.net","businessId":"default","messageLength":0,"action":"received"},"pid":13016}
{"timestamp":"2025-08-17T11:50:38.514Z","level":"INFO","message":"Message received","meta":{"userId":"264817375744@s.whatsapp.net","businessId":"default","messageLength":0,"action":"received"},"pid":13016}
{"timestamp":"2025-08-17T11:55:57.388Z","level":"INFO","message":"🛑 Security Monitor shutting down...","meta":{},"pid":13016}
{"timestamp":"2025-08-17T11:55:57.389Z","level":"INFO","message":"📊 Security stats: {\"threatsDetected\":0,\"usersBlocked\":0,\"messagesBlocked\":0,\"alertsSent\":0,\"startTime\":1755431397807,\"activeThreats\":0,\"blockedUsers\":0,\"whitelistedUsers\":0,\"suspiciousPatterns\":0,\"uptime\":359582}","meta":{},"pid":13016}
{"timestamp":"2025-08-17T11:55:57.389Z","level":"INFO","message":"✅ Security Monitor shutdown complete","meta":{},"pid":13016}
{"timestamp":"2025-08-17T11:56:08.922Z","level":"INFO","message":"🔒 Security Monitor initialized","meta":{},"pid":5480}
{"timestamp":"2025-08-17T11:56:12.948Z","level":"INFO","message":"🔒 Security Monitor initialized","meta":{},"pid":5480}
{"timestamp":"2025-08-17T11:57:01.652Z","level":"INFO","message":"🛑 Security Monitor shutting down...","meta":{},"pid":5480}
{"timestamp":"2025-08-17T11:57:01.653Z","level":"INFO","message":"📊 Security stats: {\"threatsDetected\":0,\"usersBlocked\":0,\"messagesBlocked\":0,\"alertsSent\":0,\"startTime\":1755431768922,\"activeThreats\":0,\"blockedUsers\":0,\"whitelistedUsers\":0,\"suspiciousPatterns\":0,\"uptime\":52731}","meta":{},"pid":5480}
{"timestamp":"2025-08-17T11:57:01.653Z","level":"INFO","message":"✅ Security Monitor shutdown complete","meta":{},"pid":5480}
{"timestamp":"2025-08-17T11:58:07.689Z","level":"INFO","message":"🔒 Security Monitor initialized","meta":{},"pid":5244}
{"timestamp":"2025-08-17T11:58:11.645Z","level":"INFO","message":"🔒 Security Monitor initialized","meta":{},"pid":5244}
{"timestamp":"2025-08-17T11:58:32.893Z","level":"INFO","message":"Message received","meta":{"userId":"264817375744@s.whatsapp.net","businessId":"default","messageLength":0,"action":"received"},"pid":5244}
{"timestamp":"2025-08-17T11:58:46.769Z","level":"INFO","message":"Message received","meta":{"userId":"264817375744@s.whatsapp.net","businessId":"default","messageLength":0,"action":"received"},"pid":5244}
{"timestamp":"2025-08-17T11:58:56.203Z","level":"INFO","message":"Message received","meta":{"userId":"264817375744@s.whatsapp.net","businessId":"default","messageLength":0,"action":"received"},"pid":5244}
{"timestamp":"2025-08-17T11:59:07.236Z","level":"INFO","message":"🛑 Security Monitor shutting down...","meta":{},"pid":5244}
{"timestamp":"2025-08-17T11:59:07.237Z","level":"INFO","message":"📊 Security stats: {\"threatsDetected\":0,\"usersBlocked\":0,\"messagesBlocked\":0,\"alertsSent\":0,\"startTime\":1755431887689,\"activeThreats\":0,\"blockedUsers\":0,\"whitelistedUsers\":0,\"suspiciousPatterns\":0,\"uptime\":59548}","meta":{},"pid":5244}
{"timestamp":"2025-08-17T11:59:07.237Z","level":"INFO","message":"✅ Security Monitor shutdown complete","meta":{},"pid":5244}
{"timestamp":"2025-08-17T12:03:21.388Z","level":"INFO","message":"🔒 Security Monitor initialized","meta":{},"pid":3916}
{"timestamp":"2025-08-17T12:03:25.311Z","level":"INFO","message":"🔒 Security Monitor initialized","meta":{},"pid":3916}
{"timestamp":"2025-08-17T12:03:49.919Z","level":"INFO","message":"Message received","meta":{"userId":"264817375744@s.whatsapp.net","businessId":"default","messageLength":0,"action":"received"},"pid":3916}
{"timestamp":"2025-08-17T12:04:02.771Z","level":"INFO","message":"Message received","meta":{"userId":"264817375744@s.whatsapp.net","businessId":"default","messageLength":0,"action":"received"},"pid":3916}
{"timestamp":"2025-08-17T12:04:10.127Z","level":"INFO","message":"Message received","meta":{"userId":"264817375744@s.whatsapp.net","businessId":"default","messageLength":0,"action":"received"},"pid":3916}
{"timestamp":"2025-08-17T12:07:17.470Z","level":"INFO","message":"🛑 Security Monitor shutting down...","meta":{},"pid":3916}
{"timestamp":"2025-08-17T12:07:17.470Z","level":"INFO","message":"📊 Security stats: {\"threatsDetected\":0,\"usersBlocked\":0,\"messagesBlocked\":0,\"alertsSent\":0,\"startTime\":1755432201388,\"activeThreats\":0,\"blockedUsers\":0,\"whitelistedUsers\":0,\"suspiciousPatterns\":0,\"uptime\":236082}","meta":{},"pid":3916}
{"timestamp":"2025-08-17T12:07:17.470Z","level":"INFO","message":"✅ Security Monitor shutdown complete","meta":{},"pid":3916}
{"timestamp":"2025-08-17T12:07:27.966Z","level":"INFO","message":"🔒 Security Monitor initialized","meta":{},"pid":12676}
{"timestamp":"2025-08-17T12:07:31.917Z","level":"INFO","message":"🔒 Security Monitor initialized","meta":{},"pid":12676}
{"timestamp":"2025-08-17T12:07:54.324Z","level":"INFO","message":"Message received","meta":{"userId":"264817375744@s.whatsapp.net","businessId":"default","messageLength":0,"action":"received"},"pid":12676}
{"timestamp":"2025-08-17T12:08:02.815Z","level":"INFO","message":"Message received","meta":{"userId":"264817375744@s.whatsapp.net","businessId":"default","messageLength":0,"action":"received"},"pid":12676}
{"timestamp":"2025-08-17T12:08:09.870Z","level":"INFO","message":"Message received","meta":{"userId":"264817375744@s.whatsapp.net","businessId":"default","messageLength":0,"action":"received"},"pid":12676}
{"timestamp":"2025-08-17T12:08:36.162Z","level":"INFO","message":"Message received","meta":{"userId":"264817375744@s.whatsapp.net","businessId":"default","messageLength":0,"action":"received"},"pid":12676}
{"timestamp":"2025-08-17T12:08:53.040Z","level":"INFO","message":"Message received","meta":{"userId":"264817375744@s.whatsapp.net","businessId":"default","messageLength":0,"action":"received"},"pid":12676}
{"timestamp":"2025-08-17T12:11:45.599Z","level":"INFO","message":"🛑 Security Monitor shutting down...","meta":{},"pid":12676}
{"timestamp":"2025-08-17T12:11:45.621Z","level":"INFO","message":"📊 Security stats: {\"threatsDetected\":0,\"usersBlocked\":0,\"messagesBlocked\":0,\"alertsSent\":0,\"startTime\":1755432447966,\"activeThreats\":0,\"blockedUsers\":0,\"whitelistedUsers\":0,\"suspiciousPatterns\":0,\"uptime\":257655}","meta":{},"pid":12676}
{"timestamp":"2025-08-17T12:11:45.622Z","level":"INFO","message":"✅ Security Monitor shutdown complete","meta":{},"pid":12676}
{"timestamp":"2025-08-17T12:11:56.204Z","level":"INFO","message":"🔒 Security Monitor initialized","meta":{},"pid":16172}
{"timestamp":"2025-08-17T12:12:00.182Z","level":"INFO","message":"🔒 Security Monitor initialized","meta":{},"pid":16172}
{"timestamp":"2025-08-17T12:12:18.084Z","level":"INFO","message":"Message received","meta":{"userId":"264817375744@s.whatsapp.net","businessId":"default","messageLength":0,"action":"received"},"pid":16172}
{"timestamp":"2025-08-17T12:12:28.950Z","level":"INFO","message":"Message received","meta":{"userId":"264817375744@s.whatsapp.net","businessId":"default","messageLength":0,"action":"received"},"pid":16172}
{"timestamp":"2025-08-17T12:12:37.893Z","level":"INFO","message":"Message received","meta":{"userId":"264817375744@s.whatsapp.net","businessId":"default","messageLength":0,"action":"received"},"pid":16172}
{"timestamp":"2025-08-17T12:18:42.101Z","level":"INFO","message":"🛑 Security Monitor shutting down...","meta":{},"pid":16172}
{"timestamp":"2025-08-17T12:18:42.101Z","level":"INFO","message":"📊 Security stats: {\"threatsDetected\":0,\"usersBlocked\":0,\"messagesBlocked\":0,\"alertsSent\":0,\"startTime\":1755432716204,\"activeThreats\":0,\"blockedUsers\":0,\"whitelistedUsers\":0,\"suspiciousPatterns\":0,\"uptime\":405897}","meta":{},"pid":16172}
{"timestamp":"2025-08-17T12:18:42.102Z","level":"INFO","message":"✅ Security Monitor shutdown complete","meta":{},"pid":16172}
{"timestamp":"2025-08-17T12:18:52.821Z","level":"INFO","message":"🔒 Security Monitor initialized","meta":{},"pid":12644}
{"timestamp":"2025-08-17T12:18:55.616Z","level":"INFO","message":"🔒 Security Monitor initialized","meta":{},"pid":12644}
{"timestamp":"2025-08-17T12:19:17.886Z","level":"INFO","message":"Message received","meta":{"userId":"264817375744@s.whatsapp.net","businessId":"default","messageLength":0,"action":"received"},"pid":12644}
{"timestamp":"2025-08-17T12:19:27.709Z","level":"INFO","message":"Message received","meta":{"userId":"264817375744@s.whatsapp.net","businessId":"default","messageLength":0,"action":"received"},"pid":12644}
{"timestamp":"2025-08-17T12:19:34.196Z","level":"INFO","message":"Message received","meta":{"userId":"264817375744@s.whatsapp.net","businessId":"default","messageLength":0,"action":"received"},"pid":12644}
{"timestamp":"2025-08-17T12:52:48.101Z","level":"INFO","message":"🛑 Security Monitor shutting down...","meta":{},"pid":12644}
{"timestamp":"2025-08-17T12:52:48.101Z","level":"INFO","message":"📊 Security stats: {\"threatsDetected\":0,\"usersBlocked\":0,\"messagesBlocked\":0,\"alertsSent\":0,\"startTime\":1755433132821,\"activeThreats\":0,\"blockedUsers\":0,\"whitelistedUsers\":0,\"suspiciousPatterns\":0,\"uptime\":2035280}","meta":{},"pid":12644}
{"timestamp":"2025-08-17T12:52:48.101Z","level":"INFO","message":"✅ Security Monitor shutdown complete","meta":{},"pid":12644}
{"timestamp":"2025-08-17T12:53:00.364Z","level":"INFO","message":"🔒 Security Monitor initialized","meta":{},"pid":6416}
{"timestamp":"2025-08-17T12:53:03.418Z","level":"INFO","message":"🔒 Security Monitor initialized","meta":{},"pid":6416}
{"timestamp":"2025-08-17T12:53:23.039Z","level":"INFO","message":"Message received","meta":{"userId":"264817375744@s.whatsapp.net","messageLength":0,"action":"received"},"pid":6416}
{"timestamp":"2025-08-17T12:53:29.275Z","level":"INFO","message":"Message received","meta":{"userId":"264817375744@s.whatsapp.net","messageLength":0,"action":"received"},"pid":6416}
{"timestamp":"2025-08-17T12:53:37.802Z","level":"INFO","message":"Message received","meta":{"userId":"264817375744@s.whatsapp.net","messageLength":0,"action":"received"},"pid":6416}
{"timestamp":"2025-08-17T13:48:17.398Z","level":"INFO","message":"🛑 Security Monitor shutting down...","meta":{},"pid":6416}
{"timestamp":"2025-08-17T13:48:17.398Z","level":"INFO","message":"📊 Security stats: {\"threatsDetected\":0,\"usersBlocked\":0,\"messagesBlocked\":0,\"alertsSent\":0,\"startTime\":1755435180364,\"activeThreats\":0,\"blockedUsers\":0,\"whitelistedUsers\":0,\"suspiciousPatterns\":0,\"uptime\":3317034}","meta":{},"pid":6416}
{"timestamp":"2025-08-17T13:48:17.399Z","level":"INFO","message":"✅ Security Monitor shutdown complete","meta":{},"pid":6416}
{"timestamp":"2025-08-17T13:48:30.239Z","level":"INFO","message":"🔒 Security Monitor initialized","meta":{},"pid":12772}
{"timestamp":"2025-08-17T13:48:34.851Z","level":"INFO","message":"🔒 Security Monitor initialized","meta":{},"pid":12772}
{"timestamp":"2025-08-17T13:48:57.287Z","level":"INFO","message":"Message received","meta":{"userId":"264817375744@s.whatsapp.net","messageLength":0,"action":"received"},"pid":12772}
{"timestamp":"2025-08-17T13:49:04.517Z","level":"INFO","message":"Message received","meta":{"userId":"264817375744@s.whatsapp.net","messageLength":0,"action":"received"},"pid":12772}
{"timestamp":"2025-08-17T13:49:09.726Z","level":"INFO","message":"Message received","meta":{"userId":"264817375744@s.whatsapp.net","messageLength":0,"action":"received"},"pid":12772}
{"timestamp":"2025-08-17T14:15:51.823Z","level":"INFO","message":"🛑 Security Monitor shutting down...","meta":{},"pid":12772}
{"timestamp":"2025-08-17T14:15:51.823Z","level":"INFO","message":"📊 Security stats: {\"threatsDetected\":0,\"usersBlocked\":0,\"messagesBlocked\":0,\"alertsSent\":0,\"startTime\":1755438510239,\"activeThreats\":0,\"blockedUsers\":0,\"whitelistedUsers\":0,\"suspiciousPatterns\":0,\"uptime\":1641584}","meta":{},"pid":12772}
{"timestamp":"2025-08-17T14:15:51.823Z","level":"INFO","message":"✅ Security Monitor shutdown complete","meta":{},"pid":12772}
{"timestamp":"2025-08-17T14:16:03.940Z","level":"INFO","message":"🔒 Security Monitor initialized","meta":{},"pid":4660}
{"timestamp":"2025-08-17T14:16:10.119Z","level":"INFO","message":"🔒 Security Monitor initialized","meta":{},"pid":4660}
{"timestamp":"2025-08-17T18:26:26.162Z","level":"INFO","message":"🔒 Security Monitor initialized","meta":{},"pid":16812}
{"timestamp":"2025-08-17T18:26:36.585Z","level":"INFO","message":"🔒 Security Monitor initialized","meta":{},"pid":16812}
{"timestamp":"2025-08-17T18:26:56.213Z","level":"INFO","message":"Message received","meta":{"userId":"264817375744@s.whatsapp.net","businessId":"264813141453","messageLength":0,"action":"received"},"pid":16812}
{"timestamp":"2025-08-17T18:27:04.048Z","level":"INFO","message":"Message received","meta":{"userId":"264817375744@s.whatsapp.net","businessId":"264813141453","messageLength":0,"action":"received"},"pid":16812}
{"timestamp":"2025-08-17T18:27:09.508Z","level":"INFO","message":"Message received","meta":{"userId":"264817375744@s.whatsapp.net","businessId":"264813141453","messageLength":0,"action":"received"},"pid":16812}
{"timestamp":"2025-08-17T18:27:21.634Z","level":"INFO","message":"Message received","meta":{"userId":"264817375744@s.whatsapp.net","businessId":"264813141453","messageLength":0,"action":"received"},"pid":16812}
{"timestamp":"2025-08-17T18:33:09.002Z","level":"INFO","message":"🛑 Security Monitor shutting down...","meta":{},"pid":16812}
{"timestamp":"2025-08-17T18:33:09.002Z","level":"INFO","message":"📊 Security stats: {\"threatsDetected\":0,\"usersBlocked\":0,\"messagesBlocked\":0,\"alertsSent\":0,\"startTime\":1755455186162,\"activeThreats\":0,\"blockedUsers\":0,\"whitelistedUsers\":0,\"suspiciousPatterns\":0,\"uptime\":402840}","meta":{},"pid":16812}
{"timestamp":"2025-08-17T18:33:09.002Z","level":"INFO","message":"✅ Security Monitor shutdown complete","meta":{},"pid":16812}
{"timestamp":"2025-08-17T18:33:22.184Z","level":"INFO","message":"🔒 Security Monitor initialized","meta":{},"pid":756}
{"timestamp":"2025-08-17T18:33:27.774Z","level":"INFO","message":"🔒 Security Monitor initialized","meta":{},"pid":756}
{"timestamp":"2025-08-17T18:34:02.438Z","level":"INFO","message":"Message received","meta":{"userId":"264817375744@s.whatsapp.net","businessId":"264813141453","messageLength":0,"action":"received"},"pid":756}
{"timestamp":"2025-08-17T18:34:09.558Z","level":"INFO","message":"Message received","meta":{"userId":"264817375744@s.whatsapp.net","businessId":"264813141453","messageLength":0,"action":"received"},"pid":756}
{"timestamp":"2025-08-17T20:43:24.240Z","level":"INFO","message":"🔒 Security Monitor initialized","meta":{},"pid":5296}
{"timestamp":"2025-08-17T20:43:30.502Z","level":"INFO","message":"🔒 Security Monitor initialized","meta":{},"pid":5296}
{"timestamp":"2025-08-17T20:43:47.970Z","level":"INFO","message":"Message received","meta":{"userId":"264817375744@s.whatsapp.net","businessId":"default","messageLength":0,"action":"received"},"pid":5296}
{"timestamp":"2025-08-17T20:44:10.888Z","level":"INFO","message":"Message received","meta":{"userId":"264817375744@s.whatsapp.net","businessId":"default","messageLength":0,"action":"received"},"pid":5296}
{"timestamp":"2025-08-17T20:44:24.297Z","level":"INFO","message":"Message received","meta":{"userId":"264817375744@s.whatsapp.net","businessId":"default","messageLength":0,"action":"received"},"pid":5296}
{"timestamp":"2025-08-17T20:52:19.640Z","level":"INFO","message":"🛑 Security Monitor shutting down...","meta":{},"pid":5296}
{"timestamp":"2025-08-17T20:52:19.640Z","level":"INFO","message":"📊 Security stats: {\"threatsDetected\":0,\"usersBlocked\":0,\"messagesBlocked\":0,\"alertsSent\":0,\"startTime\":1755463404239,\"activeThreats\":0,\"blockedUsers\":0,\"whitelistedUsers\":0,\"suspiciousPatterns\":0,\"uptime\":535401}","meta":{},"pid":5296}
{"timestamp":"2025-08-17T20:52:19.641Z","level":"INFO","message":"✅ Security Monitor shutdown complete","meta":{},"pid":5296}
{"timestamp":"2025-08-17T20:53:06.082Z","level":"INFO","message":"🔒 Security Monitor initialized","meta":{},"pid":12664}
{"timestamp":"2025-08-17T20:53:10.402Z","level":"INFO","message":"🔒 Security Monitor initialized","meta":{},"pid":12664}
{"timestamp":"2025-08-17T20:53:35.532Z","level":"INFO","message":"Message received","meta":{"userId":"264817375744@s.whatsapp.net","businessId":"default","messageLength":0,"action":"received"},"pid":12664}
{"timestamp":"2025-08-17T20:53:46.493Z","level":"INFO","message":"Message received","meta":{"userId":"264817375744@s.whatsapp.net","businessId":"default","messageLength":0,"action":"received"},"pid":12664}
{"timestamp":"2025-08-17T20:53:59.729Z","level":"INFO","message":"Message received","meta":{"userId":"264817375744@s.whatsapp.net","businessId":"default","messageLength":0,"action":"received"},"pid":12664}
{"timestamp":"2025-08-17T21:07:51.988Z","level":"INFO","message":"🔒 Security Monitor initialized","meta":{},"pid":9092}
{"timestamp":"2025-08-17T21:07:56.312Z","level":"INFO","message":"🔒 Security Monitor initialized","meta":{},"pid":9092}
{"timestamp":"2025-08-17T21:08:11.482Z","level":"INFO","message":"Message received","meta":{"userId":"264817375744@s.whatsapp.net","businessId":"default","messageLength":0,"action":"received"},"pid":9092}
{"timestamp":"2025-08-17T21:08:21.581Z","level":"INFO","message":"Message received","meta":{"userId":"264817375744@s.whatsapp.net","businessId":"default","messageLength":0,"action":"received"},"pid":9092}
{"timestamp":"2025-08-17T21:08:30.484Z","level":"INFO","message":"Message received","meta":{"userId":"264817375744@s.whatsapp.net","businessId":"default","messageLength":0,"action":"received"},"pid":9092}
{"timestamp":"2025-08-17T21:08:43.729Z","level":"INFO","message":"🛑 Security Monitor shutting down...","meta":{},"pid":9092}
{"timestamp":"2025-08-17T21:08:43.729Z","level":"INFO","message":"📊 Security stats: {\"threatsDetected\":0,\"usersBlocked\":0,\"messagesBlocked\":0,\"alertsSent\":0,\"startTime\":1755464871988,\"activeThreats\":0,\"blockedUsers\":0,\"whitelistedUsers\":0,\"suspiciousPatterns\":0,\"uptime\":51741}","meta":{},"pid":9092}
{"timestamp":"2025-08-17T21:08:43.729Z","level":"INFO","message":"✅ Security Monitor shutdown complete","meta":{},"pid":9092}
{"timestamp":"2025-08-17T23:16:28.790Z","level":"INFO","message":"🔒 Security Monitor initialized","meta":{},"pid":16624}
{"timestamp":"2025-08-17T23:16:33.173Z","level":"INFO","message":"🔒 Security Monitor initialized","meta":{},"pid":16624}
{"timestamp":"2025-08-17T23:17:43.414Z","level":"INFO","message":"🔒 Security Monitor initialized","meta":{},"pid":8552}
{"timestamp":"2025-08-17T23:17:49.258Z","level":"INFO","message":"🔒 Security Monitor initialized","meta":{},"pid":8552}
{"timestamp":"2025-08-17T23:23:32.712Z","level":"INFO","message":"🔒 Security Monitor initialized","meta":{},"pid":8012}
{"timestamp":"2025-08-17T23:23:38.555Z","level":"INFO","message":"🔒 Security Monitor initialized","meta":{},"pid":8012}
{"timestamp":"2025-08-17T23:23:53.193Z","level":"INFO","message":"Message received","meta":{"userId":"264817375744@s.whatsapp.net","businessId":"default","messageLength":0,"action":"received"},"pid":8012}
{"timestamp":"2025-08-17T23:24:07.099Z","level":"INFO","message":"Message received","meta":{"userId":"264817375744@s.whatsapp.net","businessId":"default","messageLength":0,"action":"received"},"pid":8012}
{"timestamp":"2025-08-17T23:24:14.434Z","level":"INFO","message":"Message received","meta":{"userId":"264817375744@s.whatsapp.net","businessId":"default","messageLength":0,"action":"received"},"pid":8012}
{"timestamp":"2025-08-17T23:27:36.822Z","level":"INFO","message":"🛑 Security Monitor shutting down...","meta":{},"pid":8012}
{"timestamp":"2025-08-17T23:27:36.823Z","level":"INFO","message":"📊 Security stats: {\"threatsDetected\":0,\"usersBlocked\":0,\"messagesBlocked\":0,\"alertsSent\":0,\"startTime\":1755473012712,\"activeThreats\":0,\"blockedUsers\":0,\"whitelistedUsers\":0,\"suspiciousPatterns\":0,\"uptime\":244111}","meta":{},"pid":8012}
{"timestamp":"2025-08-17T23:27:36.823Z","level":"INFO","message":"✅ Security Monitor shutdown complete","meta":{},"pid":8012}
{"timestamp":"2025-08-17T23:30:08.143Z","level":"INFO","message":"🔒 Security Monitor initialized","meta":{},"pid":14232}
{"timestamp":"2025-08-17T23:30:21.067Z","level":"INFO","message":"🔒 Security Monitor initialized","meta":{},"pid":14232}
{"timestamp":"2025-08-17T23:32:59.436Z","level":"INFO","message":"🛑 Security Monitor shutting down...","meta":{},"pid":14232}
{"timestamp":"2025-08-17T23:32:59.437Z","level":"INFO","message":"📊 Security stats: {\"threatsDetected\":0,\"usersBlocked\":0,\"messagesBlocked\":0,\"alertsSent\":0,\"startTime\":1755473408143,\"activeThreats\":0,\"blockedUsers\":0,\"whitelistedUsers\":0,\"suspiciousPatterns\":0,\"uptime\":171294}","meta":{},"pid":14232}
{"timestamp":"2025-08-17T23:32:59.437Z","level":"INFO","message":"✅ Security Monitor shutdown complete","meta":{},"pid":14232}
{"timestamp":"2025-08-17T23:33:09.835Z","level":"INFO","message":"🔒 Security Monitor initialized","meta":{},"pid":13572}
{"timestamp":"2025-08-17T23:33:21.894Z","level":"INFO","message":"🔒 Security Monitor initialized","meta":{},"pid":13572}
{"timestamp":"2025-08-17T23:33:39.781Z","level":"INFO","message":"Message received","meta":{"userId":"264817375744@s.whatsapp.net","businessId":"264813141453","messageLength":0,"action":"received"},"pid":13572}
{"timestamp":"2025-08-17T23:33:52.931Z","level":"INFO","message":"Message received","meta":{"userId":"264817375744@s.whatsapp.net","businessId":"264813141453","messageLength":0,"action":"received"},"pid":13572}
{"timestamp":"2025-08-17T23:33:58.963Z","level":"INFO","message":"Message received","meta":{"userId":"264817375744@s.whatsapp.net","businessId":"264813141453","messageLength":0,"action":"received"},"pid":13572}
{"timestamp":"2025-08-17T23:34:11.200Z","level":"INFO","message":"Message received","meta":{"userId":"264817375744@s.whatsapp.net","businessId":"264813141453","messageLength":0,"action":"received"},"pid":13572}
{"timestamp":"2025-08-17T23:34:19.075Z","level":"INFO","message":"Message received","meta":{"userId":"264817375744@s.whatsapp.net","businessId":"264813141453","messageLength":0,"action":"received"},"pid":13572}
{"timestamp":"2025-08-17T23:34:26.558Z","level":"INFO","message":"Message received","meta":{"userId":"264817375744@s.whatsapp.net","businessId":"264813141453","messageLength":0,"action":"received"},"pid":13572}
{"timestamp":"2025-08-17T23:35:18.791Z","level":"INFO","message":"🛑 Security Monitor shutting down...","meta":{},"pid":13572}
{"timestamp":"2025-08-17T23:35:18.792Z","level":"INFO","message":"📊 Security stats: {\"threatsDetected\":0,\"usersBlocked\":0,\"messagesBlocked\":0,\"alertsSent\":0,\"startTime\":1755473589835,\"activeThreats\":0,\"blockedUsers\":0,\"whitelistedUsers\":0,\"suspiciousPatterns\":0,\"uptime\":128957}","meta":{},"pid":13572}
{"timestamp":"2025-08-17T23:35:18.792Z","level":"INFO","message":"✅ Security Monitor shutdown complete","meta":{},"pid":13572}
