{"timestamp":"2025-08-11T14:50:44.647Z","level":"INFO","message":"🔒 Security Monitor initialized","meta":{},"pid":12080}
{"timestamp":"2025-08-11T14:50:56.943Z","level":"INFO","message":"🔒 Security Monitor initialized","meta":{},"pid":12080}
{"timestamp":"2025-08-11T14:52:29.586Z","level":"INFO","message":"Message received","meta":{"userId":"264817375744@s.whatsapp.net","businessId":"r8DS3ktegrYoj3AIKvRWUByOKay1","messageLength":0,"action":"received"},"pid":12080}
{"timestamp":"2025-08-11T14:52:30.891Z","level":"INFO","message":"Message received","meta":{"userId":"264817375744@s.whatsapp.net","businessId":"r8DS3ktegrYoj3AIKvRWUByOKay1","messageLength":0,"action":"received"},"pid":12080}
{"timestamp":"2025-08-11T14:52:34.826Z","level":"INFO","message":"Message received","meta":{"userId":"264817375744@s.whatsapp.net","businessId":"r8DS3ktegrYoj3AIKvRWUByOKay1","messageLength":0,"action":"received"},"pid":12080}
{"timestamp":"2025-08-11T14:52:36.769Z","level":"INFO","message":"Message received","meta":{"userId":"264817375744@s.whatsapp.net","businessId":"r8DS3ktegrYoj3AIKvRWUByOKay1","messageLength":0,"action":"received"},"pid":12080}
{"timestamp":"2025-08-11T14:52:36.984Z","level":"INFO","message":"Message received","meta":{"userId":"264817375744@s.whatsapp.net","businessId":"r8DS3ktegrYoj3AIKvRWUByOKay1","messageLength":0,"action":"received"},"pid":12080}
{"timestamp":"2025-08-11T14:52:37.086Z","level":"INFO","message":"Message received","meta":{"userId":"264817375744@s.whatsapp.net","businessId":"r8DS3ktegrYoj3AIKvRWUByOKay1","messageLength":0,"action":"received"},"pid":12080}
{"timestamp":"2025-08-11T14:52:37.228Z","level":"INFO","message":"Message received","meta":{"userId":"264817375744@s.whatsapp.net","businessId":"r8DS3ktegrYoj3AIKvRWUByOKay1","messageLength":0,"action":"received"},"pid":12080}
{"timestamp":"2025-08-11T14:52:37.532Z","level":"INFO","message":"Message received","meta":{"userId":"264817375744@s.whatsapp.net","businessId":"r8DS3ktegrYoj3AIKvRWUByOKay1","messageLength":0,"action":"received"},"pid":12080}
{"timestamp":"2025-08-11T14:52:37.621Z","level":"INFO","message":"Message received","meta":{"userId":"264817375744@s.whatsapp.net","businessId":"r8DS3ktegrYoj3AIKvRWUByOKay1","messageLength":0,"action":"received"},"pid":12080}
{"timestamp":"2025-08-11T14:52:41.570Z","level":"INFO","message":"Message received","meta":{"userId":"264817375744@s.whatsapp.net","businessId":"r8DS3ktegrYoj3AIKvRWUByOKay1","messageLength":0,"action":"received"},"pid":12080}
{"timestamp":"2025-08-11T14:52:43.149Z","level":"INFO","message":"Message received","meta":{"userId":"264817375744@s.whatsapp.net","businessId":"r8DS3ktegrYoj3AIKvRWUByOKay1","messageLength":0,"action":"received"},"pid":12080}
{"timestamp":"2025-08-11T14:52:43.339Z","level":"INFO","message":"Message received","meta":{"userId":"264817375744@s.whatsapp.net","businessId":"r8DS3ktegrYoj3AIKvRWUByOKay1","messageLength":0,"action":"received"},"pid":12080}
{"timestamp":"2025-08-11T14:52:43.484Z","level":"INFO","message":"Message received","meta":{"userId":"264817375744@s.whatsapp.net","businessId":"r8DS3ktegrYoj3AIKvRWUByOKay1","messageLength":0,"action":"received"},"pid":12080}
{"timestamp":"2025-08-11T15:24:34.706Z","level":"INFO","message":"🛑 Security Monitor shutting down...","meta":{},"pid":12080}
{"timestamp":"2025-08-11T15:24:34.706Z","level":"INFO","message":"📊 Security stats: {\"threatsDetected\":0,\"usersBlocked\":0,\"messagesBlocked\":0,\"alertsSent\":0,\"startTime\":1754923844647,\"activeThreats\":0,\"blockedUsers\":0,\"whitelistedUsers\":0,\"suspiciousPatterns\":0,\"uptime\":2030059}","meta":{},"pid":12080}
{"timestamp":"2025-08-11T15:24:34.707Z","level":"INFO","message":"✅ Security Monitor shutdown complete","meta":{},"pid":12080}
{"timestamp":"2025-08-11T15:24:45.213Z","level":"INFO","message":"🔒 Security Monitor initialized","meta":{},"pid":13400}
{"timestamp":"2025-08-11T15:24:49.654Z","level":"INFO","message":"🔒 Security Monitor initialized","meta":{},"pid":13400}
{"timestamp":"2025-08-11T15:25:13.851Z","level":"INFO","message":"Message received","meta":{"userId":"264817375744@s.whatsapp.net","businessId":"r8DS3ktegrYoj3AIKvRWUByOKay1","messageLength":0,"action":"received"},"pid":13400}
{"timestamp":"2025-08-11T15:25:19.578Z","level":"INFO","message":"Message received","meta":{"userId":"264817375744@s.whatsapp.net","businessId":"r8DS3ktegrYoj3AIKvRWUByOKay1","messageLength":0,"action":"received"},"pid":13400}
{"timestamp":"2025-08-11T15:25:22.603Z","level":"INFO","message":"Message received","meta":{"userId":"264817375744@s.whatsapp.net","businessId":"r8DS3ktegrYoj3AIKvRWUByOKay1","messageLength":0,"action":"received"},"pid":13400}
{"timestamp":"2025-08-11T15:25:28.225Z","level":"INFO","message":"Message received","meta":{"userId":"264817375744@s.whatsapp.net","businessId":"r8DS3ktegrYoj3AIKvRWUByOKay1","messageLength":0,"action":"received"},"pid":13400}
{"timestamp":"2025-08-11T15:25:34.659Z","level":"INFO","message":"Message received","meta":{"userId":"264817375744@s.whatsapp.net","businessId":"r8DS3ktegrYoj3AIKvRWUByOKay1","messageLength":0,"action":"received"},"pid":13400}
