{"timestamp":"2025-08-19T09:49:07.524Z","level":"INFO","message":"🔒 Security Monitor initialized","meta":{},"pid":581684}
{"timestamp":"2025-08-19T09:49:13.349Z","level":"INFO","message":"🔒 Security Monitor initialized","meta":{},"pid":581684}
{"timestamp":"2025-08-19T09:49:38.639Z","level":"INFO","message":"Message received","meta":{"userId":"264817375744@s.whatsapp.net","businessId":"264813141453","messageLength":0,"action":"received"},"pid":581684}
{"timestamp":"2025-08-19T09:49:46.638Z","level":"INFO","message":"Message received","meta":{"userId":"264817375744@s.whatsapp.net","businessId":"264813141453","messageLength":0,"action":"received"},"pid":581684}
{"timestamp":"2025-08-19T09:49:52.081Z","level":"INFO","message":"Message received","meta":{"userId":"264817375744@s.whatsapp.net","businessId":"264813141453","messageLength":0,"action":"received"},"pid":581684}
{"timestamp":"2025-08-19T09:49:57.322Z","level":"INFO","message":"Message received","meta":{"userId":"264817375744@s.whatsapp.net","businessId":"264813141453","messageLength":0,"action":"received"},"pid":581684}
{"timestamp":"2025-08-19T09:57:21.581Z","level":"INFO","message":"🛑 Security Monitor shutting down...","meta":{},"pid":581684}
{"timestamp":"2025-08-19T09:57:21.581Z","level":"INFO","message":"📊 Security stats: {\"threatsDetected\":0,\"usersBlocked\":0,\"messagesBlocked\":0,\"alertsSent\":0,\"startTime\":1755596947524,\"activeThreats\":0,\"blockedUsers\":0,\"whitelistedUsers\":0,\"suspiciousPatterns\":0,\"uptime\":494057}","meta":{},"pid":581684}
{"timestamp":"2025-08-19T09:57:21.581Z","level":"INFO","message":"✅ Security Monitor shutdown complete","meta":{},"pid":581684}
{"timestamp":"2025-08-19T09:57:23.038Z","level":"INFO","message":"🔒 Security Monitor initialized","meta":{},"pid":582023}
{"timestamp":"2025-08-19T09:57:28.613Z","level":"INFO","message":"🔒 Security Monitor initialized","meta":{},"pid":582023}
{"timestamp":"2025-08-19T10:04:59.786Z","level":"INFO","message":"🛑 Security Monitor shutting down...","meta":{},"pid":582023}
{"timestamp":"2025-08-19T10:04:59.786Z","level":"INFO","message":"📊 Security stats: {\"threatsDetected\":0,\"usersBlocked\":0,\"messagesBlocked\":0,\"alertsSent\":0,\"startTime\":1755597443038,\"activeThreats\":0,\"blockedUsers\":0,\"whitelistedUsers\":0,\"suspiciousPatterns\":0,\"uptime\":456748}","meta":{},"pid":582023}
{"timestamp":"2025-08-19T10:04:59.786Z","level":"INFO","message":"✅ Security Monitor shutdown complete","meta":{},"pid":582023}
{"timestamp":"2025-08-19T10:05:01.170Z","level":"INFO","message":"🔒 Security Monitor initialized","meta":{},"pid":582390}
{"timestamp":"2025-08-19T10:05:07.591Z","level":"INFO","message":"🔒 Security Monitor initialized","meta":{},"pid":582390}
{"timestamp":"2025-08-19T10:13:10.117Z","level":"INFO","message":"🛑 Security Monitor shutting down...","meta":{},"pid":582390}
{"timestamp":"2025-08-19T10:13:10.119Z","level":"INFO","message":"📊 Security stats: {\"threatsDetected\":0,\"usersBlocked\":0,\"messagesBlocked\":0,\"alertsSent\":0,\"startTime\":1755597901170,\"activeThreats\":0,\"blockedUsers\":0,\"whitelistedUsers\":0,\"suspiciousPatterns\":0,\"uptime\":488949}","meta":{},"pid":582390}
{"timestamp":"2025-08-19T10:13:10.119Z","level":"INFO","message":"✅ Security Monitor shutdown complete","meta":{},"pid":582390}
{"timestamp":"2025-08-19T10:13:11.266Z","level":"INFO","message":"🔒 Security Monitor initialized","meta":{},"pid":582832}
{"timestamp":"2025-08-19T10:13:14.212Z","level":"INFO","message":"🔒 Security Monitor initialized","meta":{},"pid":582832}
{"timestamp":"2025-08-19T10:24:55.431Z","level":"INFO","message":"🛑 Security Monitor shutting down...","meta":{},"pid":582832}
{"timestamp":"2025-08-19T10:24:55.432Z","level":"INFO","message":"📊 Security stats: {\"threatsDetected\":0,\"usersBlocked\":0,\"messagesBlocked\":0,\"alertsSent\":0,\"startTime\":1755598391266,\"activeThreats\":0,\"blockedUsers\":0,\"whitelistedUsers\":0,\"suspiciousPatterns\":0,\"uptime\":704166}","meta":{},"pid":582832}
{"timestamp":"2025-08-19T10:24:55.432Z","level":"INFO","message":"✅ Security Monitor shutdown complete","meta":{},"pid":582832}
{"timestamp":"2025-08-19T10:24:56.619Z","level":"INFO","message":"🔒 Security Monitor initialized","meta":{},"pid":583477}
{"timestamp":"2025-08-19T10:24:59.434Z","level":"INFO","message":"🔒 Security Monitor initialized","meta":{},"pid":583477}
{"timestamp":"2025-08-19T10:32:27.067Z","level":"INFO","message":"Message received","meta":{"userId":"264817375744@s.whatsapp.net","businessId":"264813141453","messageLength":0,"action":"received"},"pid":583477}
{"timestamp":"2025-08-19T10:33:05.480Z","level":"INFO","message":"🛑 Security Monitor shutting down...","meta":{},"pid":583477}
{"timestamp":"2025-08-19T10:33:05.480Z","level":"INFO","message":"📊 Security stats: {\"threatsDetected\":0,\"usersBlocked\":0,\"messagesBlocked\":0,\"alertsSent\":0,\"startTime\":1755599096619,\"activeThreats\":0,\"blockedUsers\":0,\"whitelistedUsers\":0,\"suspiciousPatterns\":0,\"uptime\":488861}","meta":{},"pid":583477}
{"timestamp":"2025-08-19T10:33:05.480Z","level":"INFO","message":"✅ Security Monitor shutdown complete","meta":{},"pid":583477}
{"timestamp":"2025-08-19T10:33:07.044Z","level":"INFO","message":"🔒 Security Monitor initialized","meta":{},"pid":584046}
{"timestamp":"2025-08-19T10:33:11.836Z","level":"INFO","message":"🔒 Security Monitor initialized","meta":{},"pid":584046}
{"timestamp":"2025-08-19T10:33:17.970Z","level":"INFO","message":"Message received","meta":{"userId":"264817375744@s.whatsapp.net","businessId":"264813141453","messageLength":0,"action":"received"},"pid":584046}
{"timestamp":"2025-08-19T10:35:53.266Z","level":"INFO","message":"Message received","meta":{"userId":"264817375744@s.whatsapp.net","businessId":"264813141453","messageLength":0,"action":"received"},"pid":584046}
{"timestamp":"2025-08-19T10:37:03.889Z","level":"INFO","message":"Message received","meta":{"userId":"264817375744@s.whatsapp.net","businessId":"264813141453","messageLength":0,"action":"received"},"pid":584046}
{"timestamp":"2025-08-19T10:40:43.987Z","level":"INFO","message":"🛑 Security Monitor shutting down...","meta":{},"pid":584046}
{"timestamp":"2025-08-19T10:40:43.988Z","level":"INFO","message":"📊 Security stats: {\"threatsDetected\":0,\"usersBlocked\":0,\"messagesBlocked\":0,\"alertsSent\":0,\"startTime\":1755599587043,\"activeThreats\":0,\"blockedUsers\":0,\"whitelistedUsers\":0,\"suspiciousPatterns\":0,\"uptime\":456945}","meta":{},"pid":584046}
{"timestamp":"2025-08-19T10:40:43.988Z","level":"INFO","message":"✅ Security Monitor shutdown complete","meta":{},"pid":584046}
{"timestamp":"2025-08-19T10:40:45.227Z","level":"INFO","message":"🔒 Security Monitor initialized","meta":{},"pid":584479}
{"timestamp":"2025-08-19T10:40:50.396Z","level":"INFO","message":"🔒 Security Monitor initialized","meta":{},"pid":584479}
{"timestamp":"2025-08-19T10:49:24.284Z","level":"INFO","message":"🛑 Security Monitor shutting down...","meta":{},"pid":584479}
{"timestamp":"2025-08-19T10:49:24.285Z","level":"INFO","message":"📊 Security stats: {\"threatsDetected\":0,\"usersBlocked\":0,\"messagesBlocked\":0,\"alertsSent\":0,\"startTime\":1755600045227,\"activeThreats\":0,\"blockedUsers\":0,\"whitelistedUsers\":0,\"suspiciousPatterns\":0,\"uptime\":519058}","meta":{},"pid":584479}
{"timestamp":"2025-08-19T10:49:24.285Z","level":"INFO","message":"✅ Security Monitor shutdown complete","meta":{},"pid":584479}
{"timestamp":"2025-08-19T10:49:25.420Z","level":"INFO","message":"🔒 Security Monitor initialized","meta":{},"pid":584933}
{"timestamp":"2025-08-19T10:49:31.050Z","level":"INFO","message":"🔒 Security Monitor initialized","meta":{},"pid":584933}
{"timestamp":"2025-08-19T10:57:34.390Z","level":"INFO","message":"🛑 Security Monitor shutting down...","meta":{},"pid":584933}
{"timestamp":"2025-08-19T10:57:34.391Z","level":"INFO","message":"📊 Security stats: {\"threatsDetected\":0,\"usersBlocked\":0,\"messagesBlocked\":0,\"alertsSent\":0,\"startTime\":1755600565420,\"activeThreats\":0,\"blockedUsers\":0,\"whitelistedUsers\":0,\"suspiciousPatterns\":0,\"uptime\":488971}","meta":{},"pid":584933}
{"timestamp":"2025-08-19T10:57:34.391Z","level":"INFO","message":"✅ Security Monitor shutdown complete","meta":{},"pid":584933}
{"timestamp":"2025-08-19T10:57:35.440Z","level":"INFO","message":"🔒 Security Monitor initialized","meta":{},"pid":585379}
{"timestamp":"2025-08-19T10:57:40.614Z","level":"INFO","message":"🔒 Security Monitor initialized","meta":{},"pid":585379}
{"timestamp":"2025-08-19T11:05:14.658Z","level":"INFO","message":"🛑 Security Monitor shutting down...","meta":{},"pid":585379}
{"timestamp":"2025-08-19T11:05:14.659Z","level":"INFO","message":"📊 Security stats: {\"threatsDetected\":0,\"usersBlocked\":0,\"messagesBlocked\":0,\"alertsSent\":0,\"startTime\":1755601055440,\"activeThreats\":0,\"blockedUsers\":0,\"whitelistedUsers\":0,\"suspiciousPatterns\":0,\"uptime\":459219}","meta":{},"pid":585379}
{"timestamp":"2025-08-19T11:05:14.659Z","level":"INFO","message":"✅ Security Monitor shutdown complete","meta":{},"pid":585379}
{"timestamp":"2025-08-19T11:05:16.093Z","level":"INFO","message":"🔒 Security Monitor initialized","meta":{},"pid":585786}
{"timestamp":"2025-08-19T11:05:21.450Z","level":"INFO","message":"🔒 Security Monitor initialized","meta":{},"pid":585786}
{"timestamp":"2025-08-19T11:13:27.472Z","level":"INFO","message":"🔒 Security Monitor initialized","meta":{},"pid":586227}
{"timestamp":"2025-08-19T11:13:32.684Z","level":"INFO","message":"🔒 Security Monitor initialized","meta":{},"pid":586227}
{"timestamp":"2025-08-19T11:20:35.391Z","level":"INFO","message":"🛑 Security Monitor shutting down...","meta":{},"pid":586227}
{"timestamp":"2025-08-19T11:20:35.392Z","level":"INFO","message":"📊 Security stats: {\"threatsDetected\":0,\"usersBlocked\":0,\"messagesBlocked\":0,\"alertsSent\":0,\"startTime\":1755602007472,\"activeThreats\":0,\"blockedUsers\":0,\"whitelistedUsers\":0,\"suspiciousPatterns\":0,\"uptime\":427920}","meta":{},"pid":586227}
{"timestamp":"2025-08-19T11:20:35.392Z","level":"INFO","message":"✅ Security Monitor shutdown complete","meta":{},"pid":586227}
{"timestamp":"2025-08-19T11:20:36.532Z","level":"INFO","message":"🔒 Security Monitor initialized","meta":{},"pid":586607}
{"timestamp":"2025-08-19T11:20:41.744Z","level":"INFO","message":"🔒 Security Monitor initialized","meta":{},"pid":586607}
{"timestamp":"2025-08-19T11:28:14.582Z","level":"INFO","message":"🛑 Security Monitor shutting down...","meta":{},"pid":586607}
{"timestamp":"2025-08-19T11:28:14.583Z","level":"INFO","message":"📊 Security stats: {\"threatsDetected\":0,\"usersBlocked\":0,\"messagesBlocked\":0,\"alertsSent\":0,\"startTime\":1755602436532,\"activeThreats\":0,\"blockedUsers\":0,\"whitelistedUsers\":0,\"suspiciousPatterns\":0,\"uptime\":458051}","meta":{},"pid":586607}
{"timestamp":"2025-08-19T11:28:14.584Z","level":"INFO","message":"✅ Security Monitor shutdown complete","meta":{},"pid":586607}
{"timestamp":"2025-08-19T11:28:15.813Z","level":"INFO","message":"🔒 Security Monitor initialized","meta":{},"pid":587008}
{"timestamp":"2025-08-19T11:28:20.488Z","level":"INFO","message":"🔒 Security Monitor initialized","meta":{},"pid":587008}
{"timestamp":"2025-08-19T11:40:03.614Z","level":"INFO","message":"🔒 Security Monitor initialized","meta":{},"pid":587743}
{"timestamp":"2025-08-19T11:40:09.655Z","level":"INFO","message":"🔒 Security Monitor initialized","meta":{},"pid":587743}
{"timestamp":"2025-08-19T11:47:40.722Z","level":"INFO","message":"🛑 Security Monitor shutting down...","meta":{},"pid":587743}
{"timestamp":"2025-08-19T11:47:40.722Z","level":"INFO","message":"📊 Security stats: {\"threatsDetected\":0,\"usersBlocked\":0,\"messagesBlocked\":0,\"alertsSent\":0,\"startTime\":1755603603613,\"activeThreats\":0,\"blockedUsers\":0,\"whitelistedUsers\":0,\"suspiciousPatterns\":0,\"uptime\":457109}","meta":{},"pid":587743}
{"timestamp":"2025-08-19T11:47:40.723Z","level":"INFO","message":"✅ Security Monitor shutdown complete","meta":{},"pid":587743}
{"timestamp":"2025-08-19T11:47:42.033Z","level":"INFO","message":"🔒 Security Monitor initialized","meta":{},"pid":588151}
{"timestamp":"2025-08-19T11:47:47.275Z","level":"INFO","message":"🔒 Security Monitor initialized","meta":{},"pid":588151}
{"timestamp":"2025-08-19T11:55:20.645Z","level":"INFO","message":"🛑 Security Monitor shutting down...","meta":{},"pid":588151}
{"timestamp":"2025-08-19T11:55:20.646Z","level":"INFO","message":"📊 Security stats: {\"threatsDetected\":0,\"usersBlocked\":0,\"messagesBlocked\":0,\"alertsSent\":0,\"startTime\":1755604062033,\"activeThreats\":0,\"blockedUsers\":0,\"whitelistedUsers\":0,\"suspiciousPatterns\":0,\"uptime\":458613}","meta":{},"pid":588151}
{"timestamp":"2025-08-19T11:55:20.646Z","level":"INFO","message":"✅ Security Monitor shutdown complete","meta":{},"pid":588151}
{"timestamp":"2025-08-19T11:55:21.771Z","level":"INFO","message":"🔒 Security Monitor initialized","meta":{},"pid":588548}
{"timestamp":"2025-08-19T11:55:26.767Z","level":"INFO","message":"🔒 Security Monitor initialized","meta":{},"pid":588548}
{"timestamp":"2025-08-19T12:07:35.066Z","level":"INFO","message":"🛑 Security Monitor shutting down...","meta":{},"pid":588548}
{"timestamp":"2025-08-19T12:07:35.066Z","level":"INFO","message":"📊 Security stats: {\"threatsDetected\":0,\"usersBlocked\":0,\"messagesBlocked\":0,\"alertsSent\":0,\"startTime\":1755604521771,\"activeThreats\":0,\"blockedUsers\":0,\"whitelistedUsers\":0,\"suspiciousPatterns\":0,\"uptime\":733295}","meta":{},"pid":588548}
{"timestamp":"2025-08-19T12:07:35.067Z","level":"INFO","message":"✅ Security Monitor shutdown complete","meta":{},"pid":588548}
{"timestamp":"2025-08-19T12:07:36.266Z","level":"INFO","message":"🔒 Security Monitor initialized","meta":{},"pid":589192}
{"timestamp":"2025-08-19T12:07:41.096Z","level":"INFO","message":"🔒 Security Monitor initialized","meta":{},"pid":589192}
{"timestamp":"2025-08-19T12:09:18.498Z","level":"INFO","message":"Message received","meta":{"userId":"264818790698@s.whatsapp.net","businessId":"264813141453","messageLength":0,"action":"received"},"pid":589192}
{"timestamp":"2025-08-19T12:09:29.387Z","level":"INFO","message":"Message received","meta":{"userId":"264818790698@s.whatsapp.net","businessId":"264813141453","messageLength":0,"action":"received"},"pid":589192}
{"timestamp":"2025-08-19T12:09:43.088Z","level":"INFO","message":"Message received","meta":{"userId":"264818790698@s.whatsapp.net","businessId":"264813141453","messageLength":0,"action":"received"},"pid":589192}
{"timestamp":"2025-08-19T12:09:49.398Z","level":"INFO","message":"Message received","meta":{"userId":"264818790698@s.whatsapp.net","businessId":"264813141453","messageLength":0,"action":"received"},"pid":589192}
{"timestamp":"2025-08-19T12:09:53.761Z","level":"INFO","message":"Message received","meta":{"userId":"264818790698@s.whatsapp.net","businessId":"264813141453","messageLength":0,"action":"received"},"pid":589192}
{"timestamp":"2025-08-19T12:09:57.696Z","level":"INFO","message":"Message received","meta":{"userId":"264818790698@s.whatsapp.net","businessId":"264813141453","messageLength":0,"action":"received"},"pid":589192}
{"timestamp":"2025-08-19T12:10:02.901Z","level":"INFO","message":"Message received","meta":{"userId":"264818790698@s.whatsapp.net","businessId":"264813141453","messageLength":0,"action":"received"},"pid":589192}
{"timestamp":"2025-08-19T12:14:44.138Z","level":"INFO","message":"🛑 Security Monitor shutting down...","meta":{},"pid":589192}
{"timestamp":"2025-08-19T12:14:44.138Z","level":"INFO","message":"📊 Security stats: {\"threatsDetected\":0,\"usersBlocked\":0,\"messagesBlocked\":0,\"alertsSent\":0,\"startTime\":1755605256266,\"activeThreats\":0,\"blockedUsers\":0,\"whitelistedUsers\":0,\"suspiciousPatterns\":0,\"uptime\":427872}","meta":{},"pid":589192}
{"timestamp":"2025-08-19T12:14:44.138Z","level":"INFO","message":"✅ Security Monitor shutdown complete","meta":{},"pid":589192}
{"timestamp":"2025-08-19T12:14:45.267Z","level":"INFO","message":"🔒 Security Monitor initialized","meta":{},"pid":589563}
{"timestamp":"2025-08-19T12:14:50.456Z","level":"INFO","message":"🔒 Security Monitor initialized","meta":{},"pid":589563}
{"timestamp":"2025-08-19T12:21:22.203Z","level":"INFO","message":"🛑 Security Monitor shutting down...","meta":{},"pid":589563}
{"timestamp":"2025-08-19T12:21:22.203Z","level":"INFO","message":"📊 Security stats: {\"threatsDetected\":0,\"usersBlocked\":0,\"messagesBlocked\":0,\"alertsSent\":0,\"startTime\":1755605685267,\"activeThreats\":0,\"blockedUsers\":0,\"whitelistedUsers\":0,\"suspiciousPatterns\":0,\"uptime\":396936}","meta":{},"pid":589563}
{"timestamp":"2025-08-19T12:21:22.204Z","level":"INFO","message":"✅ Security Monitor shutdown complete","meta":{},"pid":589563}
{"timestamp":"2025-08-19T12:21:23.305Z","level":"INFO","message":"🔒 Security Monitor initialized","meta":{},"pid":589895}
{"timestamp":"2025-08-19T12:21:28.498Z","level":"INFO","message":"🔒 Security Monitor initialized","meta":{},"pid":589895}
{"timestamp":"2025-08-19T12:29:01.357Z","level":"INFO","message":"🛑 Security Monitor shutting down...","meta":{},"pid":589895}
{"timestamp":"2025-08-19T12:29:01.358Z","level":"INFO","message":"📊 Security stats: {\"threatsDetected\":0,\"usersBlocked\":0,\"messagesBlocked\":0,\"alertsSent\":0,\"startTime\":1755606083304,\"activeThreats\":0,\"blockedUsers\":0,\"whitelistedUsers\":0,\"suspiciousPatterns\":0,\"uptime\":458054}","meta":{},"pid":589895}
{"timestamp":"2025-08-19T12:29:01.358Z","level":"INFO","message":"✅ Security Monitor shutdown complete","meta":{},"pid":589895}
{"timestamp":"2025-08-19T12:29:02.630Z","level":"INFO","message":"🔒 Security Monitor initialized","meta":{},"pid":590381}
{"timestamp":"2025-08-19T12:29:05.856Z","level":"INFO","message":"🔒 Security Monitor initialized","meta":{},"pid":590381}
{"timestamp":"2025-08-19T12:39:45.340Z","level":"INFO","message":"🛑 Security Monitor shutting down...","meta":{},"pid":590381}
{"timestamp":"2025-08-19T12:39:45.340Z","level":"INFO","message":"📊 Security stats: {\"threatsDetected\":0,\"usersBlocked\":0,\"messagesBlocked\":0,\"alertsSent\":0,\"startTime\":1755606542630,\"activeThreats\":0,\"blockedUsers\":0,\"whitelistedUsers\":0,\"suspiciousPatterns\":0,\"uptime\":642710}","meta":{},"pid":590381}
{"timestamp":"2025-08-19T12:39:45.340Z","level":"INFO","message":"✅ Security Monitor shutdown complete","meta":{},"pid":590381}
{"timestamp":"2025-08-19T12:39:46.489Z","level":"INFO","message":"🔒 Security Monitor initialized","meta":{},"pid":590901}
{"timestamp":"2025-08-19T12:39:49.471Z","level":"INFO","message":"🔒 Security Monitor initialized","meta":{},"pid":590901}
{"timestamp":"2025-08-19T12:50:00.242Z","level":"INFO","message":"🔒 Security Monitor initialized","meta":{},"pid":591387}
{"timestamp":"2025-08-19T12:50:05.718Z","level":"INFO","message":"🔒 Security Monitor initialized","meta":{},"pid":591387}
{"timestamp":"2025-08-19T12:57:08.613Z","level":"INFO","message":"🛑 Security Monitor shutting down...","meta":{},"pid":591387}
{"timestamp":"2025-08-19T12:57:08.613Z","level":"INFO","message":"📊 Security stats: {\"threatsDetected\":0,\"usersBlocked\":0,\"messagesBlocked\":0,\"alertsSent\":0,\"startTime\":1755607800241,\"activeThreats\":0,\"blockedUsers\":0,\"whitelistedUsers\":0,\"suspiciousPatterns\":0,\"uptime\":428372}","meta":{},"pid":591387}
{"timestamp":"2025-08-19T12:57:08.613Z","level":"INFO","message":"✅ Security Monitor shutdown complete","meta":{},"pid":591387}
{"timestamp":"2025-08-19T12:57:09.722Z","level":"INFO","message":"🔒 Security Monitor initialized","meta":{},"pid":591736}
{"timestamp":"2025-08-19T12:57:14.926Z","level":"INFO","message":"🔒 Security Monitor initialized","meta":{},"pid":591736}
{"timestamp":"2025-08-19T13:04:48.309Z","level":"INFO","message":"🛑 Security Monitor shutting down...","meta":{},"pid":591736}
{"timestamp":"2025-08-19T13:04:48.309Z","level":"INFO","message":"📊 Security stats: {\"threatsDetected\":0,\"usersBlocked\":0,\"messagesBlocked\":0,\"alertsSent\":0,\"startTime\":1755608229722,\"activeThreats\":0,\"blockedUsers\":0,\"whitelistedUsers\":0,\"suspiciousPatterns\":0,\"uptime\":458587}","meta":{},"pid":591736}
{"timestamp":"2025-08-19T13:04:48.309Z","level":"INFO","message":"✅ Security Monitor shutdown complete","meta":{},"pid":591736}
{"timestamp":"2025-08-19T13:04:49.597Z","level":"INFO","message":"🔒 Security Monitor initialized","meta":{},"pid":592110}
{"timestamp":"2025-08-19T13:04:54.969Z","level":"INFO","message":"🔒 Security Monitor initialized","meta":{},"pid":592110}
{"timestamp":"2025-08-19T13:16:02.176Z","level":"INFO","message":"🛑 Security Monitor shutting down...","meta":{},"pid":592110}
{"timestamp":"2025-08-19T13:16:02.176Z","level":"INFO","message":"📊 Security stats: {\"threatsDetected\":0,\"usersBlocked\":0,\"messagesBlocked\":0,\"alertsSent\":0,\"startTime\":1755608689596,\"activeThreats\":0,\"blockedUsers\":0,\"whitelistedUsers\":0,\"suspiciousPatterns\":0,\"uptime\":672580}","meta":{},"pid":592110}
{"timestamp":"2025-08-19T13:16:02.177Z","level":"INFO","message":"✅ Security Monitor shutdown complete","meta":{},"pid":592110}
{"timestamp":"2025-08-19T13:16:03.471Z","level":"INFO","message":"🔒 Security Monitor initialized","meta":{},"pid":592668}
{"timestamp":"2025-08-19T13:16:08.682Z","level":"INFO","message":"🔒 Security Monitor initialized","meta":{},"pid":592668}
{"timestamp":"2025-08-19T13:23:10.507Z","level":"INFO","message":"🛑 Security Monitor shutting down...","meta":{},"pid":592668}
{"timestamp":"2025-08-19T13:23:10.508Z","level":"INFO","message":"📊 Security stats: {\"threatsDetected\":0,\"usersBlocked\":0,\"messagesBlocked\":0,\"alertsSent\":0,\"startTime\":1755609363471,\"activeThreats\":0,\"blockedUsers\":0,\"whitelistedUsers\":0,\"suspiciousPatterns\":0,\"uptime\":427037}","meta":{},"pid":592668}
{"timestamp":"2025-08-19T13:23:10.508Z","level":"INFO","message":"✅ Security Monitor shutdown complete","meta":{},"pid":592668}
{"timestamp":"2025-08-19T13:23:11.638Z","level":"INFO","message":"🔒 Security Monitor initialized","meta":{},"pid":593114}
{"timestamp":"2025-08-19T13:23:14.937Z","level":"INFO","message":"🔒 Security Monitor initialized","meta":{},"pid":593114}
{"timestamp":"2025-08-19T13:34:25.518Z","level":"INFO","message":"🛑 Security Monitor shutting down...","meta":{},"pid":593114}
{"timestamp":"2025-08-19T13:34:25.519Z","level":"INFO","message":"📊 Security stats: {\"threatsDetected\":0,\"usersBlocked\":0,\"messagesBlocked\":0,\"alertsSent\":0,\"startTime\":1755609791638,\"activeThreats\":0,\"blockedUsers\":0,\"whitelistedUsers\":0,\"suspiciousPatterns\":0,\"uptime\":673880}","meta":{},"pid":593114}
{"timestamp":"2025-08-19T13:34:25.519Z","level":"INFO","message":"✅ Security Monitor shutdown complete","meta":{},"pid":593114}
{"timestamp":"2025-08-19T13:34:26.777Z","level":"INFO","message":"🔒 Security Monitor initialized","meta":{},"pid":594017}
{"timestamp":"2025-08-19T13:34:32.164Z","level":"INFO","message":"🔒 Security Monitor initialized","meta":{},"pid":594017}
{"timestamp":"2025-08-19T13:42:04.190Z","level":"INFO","message":"🛑 Security Monitor shutting down...","meta":{},"pid":594017}
{"timestamp":"2025-08-19T13:42:04.191Z","level":"INFO","message":"📊 Security stats: {\"threatsDetected\":0,\"usersBlocked\":0,\"messagesBlocked\":0,\"alertsSent\":0,\"startTime\":1755610466777,\"activeThreats\":0,\"blockedUsers\":0,\"whitelistedUsers\":0,\"suspiciousPatterns\":0,\"uptime\":457414}","meta":{},"pid":594017}
{"timestamp":"2025-08-19T13:42:04.191Z","level":"INFO","message":"✅ Security Monitor shutdown complete","meta":{},"pid":594017}
{"timestamp":"2025-08-19T13:42:05.451Z","level":"INFO","message":"🔒 Security Monitor initialized","meta":{},"pid":594539}
{"timestamp":"2025-08-19T13:42:08.838Z","level":"INFO","message":"🔒 Security Monitor initialized","meta":{},"pid":594539}
{"timestamp":"2025-08-19T13:53:47.965Z","level":"INFO","message":"🛑 Security Monitor shutting down...","meta":{},"pid":594539}
{"timestamp":"2025-08-19T13:53:47.965Z","level":"INFO","message":"📊 Security stats: {\"threatsDetected\":0,\"usersBlocked\":0,\"messagesBlocked\":0,\"alertsSent\":0,\"startTime\":1755610925451,\"activeThreats\":0,\"blockedUsers\":0,\"whitelistedUsers\":0,\"suspiciousPatterns\":0,\"uptime\":702514}","meta":{},"pid":594539}
{"timestamp":"2025-08-19T13:53:47.965Z","level":"INFO","message":"✅ Security Monitor shutdown complete","meta":{},"pid":594539}
{"timestamp":"2025-08-19T13:53:49.123Z","level":"INFO","message":"🔒 Security Monitor initialized","meta":{},"pid":595334}
{"timestamp":"2025-08-19T13:53:54.447Z","level":"INFO","message":"🔒 Security Monitor initialized","meta":{},"pid":595334}
{"timestamp":"2025-08-19T14:01:28.464Z","level":"INFO","message":"🛑 Security Monitor shutting down...","meta":{},"pid":595334}
{"timestamp":"2025-08-19T14:01:28.465Z","level":"INFO","message":"📊 Security stats: {\"threatsDetected\":0,\"usersBlocked\":0,\"messagesBlocked\":0,\"alertsSent\":0,\"startTime\":1755611629123,\"activeThreats\":0,\"blockedUsers\":0,\"whitelistedUsers\":0,\"suspiciousPatterns\":0,\"uptime\":459342}","meta":{},"pid":595334}
{"timestamp":"2025-08-19T14:01:28.465Z","level":"INFO","message":"✅ Security Monitor shutdown complete","meta":{},"pid":595334}
{"timestamp":"2025-08-19T14:01:29.916Z","level":"INFO","message":"🔒 Security Monitor initialized","meta":{},"pid":595872}
{"timestamp":"2025-08-19T14:01:35.278Z","level":"INFO","message":"🔒 Security Monitor initialized","meta":{},"pid":595872}
{"timestamp":"2025-08-19T14:09:10.847Z","level":"INFO","message":"🛑 Security Monitor shutting down...","meta":{},"pid":595872}
{"timestamp":"2025-08-19T14:09:10.847Z","level":"INFO","message":"📊 Security stats: {\"threatsDetected\":0,\"usersBlocked\":0,\"messagesBlocked\":0,\"alertsSent\":0,\"startTime\":1755612089916,\"activeThreats\":0,\"blockedUsers\":0,\"whitelistedUsers\":0,\"suspiciousPatterns\":0,\"uptime\":460931}","meta":{},"pid":595872}
{"timestamp":"2025-08-19T14:09:10.848Z","level":"INFO","message":"✅ Security Monitor shutdown complete","meta":{},"pid":595872}
{"timestamp":"2025-08-19T14:09:11.942Z","level":"INFO","message":"🔒 Security Monitor initialized","meta":{},"pid":596269}
{"timestamp":"2025-08-19T14:09:16.926Z","level":"INFO","message":"🔒 Security Monitor initialized","meta":{},"pid":596269}
{"timestamp":"2025-08-19T14:16:49.170Z","level":"INFO","message":"🛑 Security Monitor shutting down...","meta":{},"pid":596269}
{"timestamp":"2025-08-19T14:16:49.171Z","level":"INFO","message":"📊 Security stats: {\"threatsDetected\":0,\"usersBlocked\":0,\"messagesBlocked\":0,\"alertsSent\":0,\"startTime\":1755612551942,\"activeThreats\":0,\"blockedUsers\":0,\"whitelistedUsers\":0,\"suspiciousPatterns\":0,\"uptime\":457229}","meta":{},"pid":596269}
{"timestamp":"2025-08-19T14:16:49.171Z","level":"INFO","message":"✅ Security Monitor shutdown complete","meta":{},"pid":596269}
{"timestamp":"2025-08-19T14:16:50.623Z","level":"INFO","message":"🔒 Security Monitor initialized","meta":{},"pid":596671}
{"timestamp":"2025-08-19T14:16:56.052Z","level":"INFO","message":"🔒 Security Monitor initialized","meta":{},"pid":596671}
{"timestamp":"2025-08-19T14:23:57.056Z","level":"INFO","message":"🛑 Security Monitor shutting down...","meta":{},"pid":596671}
{"timestamp":"2025-08-19T14:23:57.056Z","level":"INFO","message":"📊 Security stats: {\"threatsDetected\":0,\"usersBlocked\":0,\"messagesBlocked\":0,\"alertsSent\":0,\"startTime\":1755613010623,\"activeThreats\":0,\"blockedUsers\":0,\"whitelistedUsers\":0,\"suspiciousPatterns\":0,\"uptime\":426433}","meta":{},"pid":596671}
{"timestamp":"2025-08-19T14:23:57.056Z","level":"INFO","message":"✅ Security Monitor shutdown complete","meta":{},"pid":596671}
{"timestamp":"2025-08-19T14:23:58.160Z","level":"INFO","message":"🔒 Security Monitor initialized","meta":{},"pid":597171}
{"timestamp":"2025-08-19T14:24:02.850Z","level":"INFO","message":"🔒 Security Monitor initialized","meta":{},"pid":597171}
{"timestamp":"2025-08-19T14:35:40.240Z","level":"INFO","message":"🛑 Security Monitor shutting down...","meta":{},"pid":597171}
{"timestamp":"2025-08-19T14:35:40.241Z","level":"INFO","message":"📊 Security stats: {\"threatsDetected\":0,\"usersBlocked\":0,\"messagesBlocked\":0,\"alertsSent\":0,\"startTime\":1755613438160,\"activeThreats\":0,\"blockedUsers\":0,\"whitelistedUsers\":0,\"suspiciousPatterns\":0,\"uptime\":702081}","meta":{},"pid":597171}
{"timestamp":"2025-08-19T14:35:40.241Z","level":"INFO","message":"✅ Security Monitor shutdown complete","meta":{},"pid":597171}
{"timestamp":"2025-08-19T14:35:41.296Z","level":"INFO","message":"🔒 Security Monitor initialized","meta":{},"pid":597783}
{"timestamp":"2025-08-19T14:35:46.516Z","level":"INFO","message":"🔒 Security Monitor initialized","meta":{},"pid":597783}
{"timestamp":"2025-08-19T14:44:20.456Z","level":"INFO","message":"🛑 Security Monitor shutting down...","meta":{},"pid":597783}
{"timestamp":"2025-08-19T14:44:20.457Z","level":"INFO","message":"📊 Security stats: {\"threatsDetected\":0,\"usersBlocked\":0,\"messagesBlocked\":0,\"alertsSent\":0,\"startTime\":1755614141296,\"activeThreats\":0,\"blockedUsers\":0,\"whitelistedUsers\":0,\"suspiciousPatterns\":0,\"uptime\":519161}","meta":{},"pid":597783}
{"timestamp":"2025-08-19T14:44:20.457Z","level":"INFO","message":"✅ Security Monitor shutdown complete","meta":{},"pid":597783}
{"timestamp":"2025-08-19T14:44:21.652Z","level":"INFO","message":"🔒 Security Monitor initialized","meta":{},"pid":598233}
{"timestamp":"2025-08-19T14:44:26.906Z","level":"INFO","message":"🔒 Security Monitor initialized","meta":{},"pid":598233}
{"timestamp":"2025-08-19T14:54:00.772Z","level":"INFO","message":"🛑 Security Monitor shutting down...","meta":{},"pid":598233}
{"timestamp":"2025-08-19T14:54:00.773Z","level":"INFO","message":"📊 Security stats: {\"threatsDetected\":0,\"usersBlocked\":0,\"messagesBlocked\":0,\"alertsSent\":0,\"startTime\":1755614661652,\"activeThreats\":0,\"blockedUsers\":0,\"whitelistedUsers\":0,\"suspiciousPatterns\":0,\"uptime\":579121}","meta":{},"pid":598233}
{"timestamp":"2025-08-19T14:54:00.773Z","level":"INFO","message":"✅ Security Monitor shutdown complete","meta":{},"pid":598233}
{"timestamp":"2025-08-19T14:54:01.885Z","level":"INFO","message":"🔒 Security Monitor initialized","meta":{},"pid":598751}
{"timestamp":"2025-08-19T14:54:07.311Z","level":"INFO","message":"🔒 Security Monitor initialized","meta":{},"pid":598751}
{"timestamp":"2025-08-19T15:05:46.271Z","level":"INFO","message":"🛑 Security Monitor shutting down...","meta":{},"pid":598751}
{"timestamp":"2025-08-19T15:05:46.272Z","level":"INFO","message":"📊 Security stats: {\"threatsDetected\":0,\"usersBlocked\":0,\"messagesBlocked\":0,\"alertsSent\":0,\"startTime\":1755615241885,\"activeThreats\":0,\"blockedUsers\":0,\"whitelistedUsers\":0,\"suspiciousPatterns\":0,\"uptime\":704387}","meta":{},"pid":598751}
{"timestamp":"2025-08-19T15:05:46.272Z","level":"INFO","message":"✅ Security Monitor shutdown complete","meta":{},"pid":598751}
{"timestamp":"2025-08-19T15:05:47.544Z","level":"INFO","message":"🔒 Security Monitor initialized","meta":{},"pid":599335}
{"timestamp":"2025-08-19T15:05:52.466Z","level":"INFO","message":"🔒 Security Monitor initialized","meta":{},"pid":599335}
{"timestamp":"2025-08-19T15:12:23.380Z","level":"INFO","message":"🛑 Security Monitor shutting down...","meta":{},"pid":599335}
{"timestamp":"2025-08-19T15:12:23.381Z","level":"INFO","message":"📊 Security stats: {\"threatsDetected\":0,\"usersBlocked\":0,\"messagesBlocked\":0,\"alertsSent\":0,\"startTime\":1755615947544,\"activeThreats\":0,\"blockedUsers\":0,\"whitelistedUsers\":0,\"suspiciousPatterns\":0,\"uptime\":395837}","meta":{},"pid":599335}
{"timestamp":"2025-08-19T15:12:23.381Z","level":"INFO","message":"✅ Security Monitor shutdown complete","meta":{},"pid":599335}
{"timestamp":"2025-08-19T15:12:24.408Z","level":"INFO","message":"🔒 Security Monitor initialized","meta":{},"pid":599687}
{"timestamp":"2025-08-19T15:12:28.961Z","level":"INFO","message":"🔒 Security Monitor initialized","meta":{},"pid":599687}
{"timestamp":"2025-08-19T15:20:02.871Z","level":"INFO","message":"🛑 Security Monitor shutting down...","meta":{},"pid":599687}
{"timestamp":"2025-08-19T15:20:02.872Z","level":"INFO","message":"📊 Security stats: {\"threatsDetected\":0,\"usersBlocked\":0,\"messagesBlocked\":0,\"alertsSent\":0,\"startTime\":1755616344408,\"activeThreats\":0,\"blockedUsers\":0,\"whitelistedUsers\":0,\"suspiciousPatterns\":0,\"uptime\":458464}","meta":{},"pid":599687}
{"timestamp":"2025-08-19T15:20:02.872Z","level":"INFO","message":"✅ Security Monitor shutdown complete","meta":{},"pid":599687}
{"timestamp":"2025-08-19T15:20:05.287Z","level":"INFO","message":"🔒 Security Monitor initialized","meta":{},"pid":600097}
{"timestamp":"2025-08-19T15:20:11.269Z","level":"INFO","message":"🔒 Security Monitor initialized","meta":{},"pid":600097}
{"timestamp":"2025-08-19T15:26:41.313Z","level":"INFO","message":"🛑 Security Monitor shutting down...","meta":{},"pid":600097}
{"timestamp":"2025-08-19T15:26:41.313Z","level":"INFO","message":"📊 Security stats: {\"threatsDetected\":0,\"usersBlocked\":0,\"messagesBlocked\":0,\"alertsSent\":0,\"startTime\":1755616805286,\"activeThreats\":0,\"blockedUsers\":0,\"whitelistedUsers\":0,\"suspiciousPatterns\":0,\"uptime\":396027}","meta":{},"pid":600097}
{"timestamp":"2025-08-19T15:26:41.313Z","level":"INFO","message":"✅ Security Monitor shutdown complete","meta":{},"pid":600097}
{"timestamp":"2025-08-19T15:26:42.796Z","level":"INFO","message":"🔒 Security Monitor initialized","meta":{},"pid":600570}
{"timestamp":"2025-08-19T15:26:48.130Z","level":"INFO","message":"🔒 Security Monitor initialized","meta":{},"pid":600570}
{"timestamp":"2025-08-19T15:35:21.582Z","level":"INFO","message":"🛑 Security Monitor shutting down...","meta":{},"pid":600570}
{"timestamp":"2025-08-19T15:35:21.583Z","level":"INFO","message":"📊 Security stats: {\"threatsDetected\":0,\"usersBlocked\":0,\"messagesBlocked\":0,\"alertsSent\":0,\"startTime\":1755617202796,\"activeThreats\":0,\"blockedUsers\":0,\"whitelistedUsers\":0,\"suspiciousPatterns\":0,\"uptime\":518787}","meta":{},"pid":600570}
{"timestamp":"2025-08-19T15:35:21.583Z","level":"INFO","message":"✅ Security Monitor shutdown complete","meta":{},"pid":600570}
{"timestamp":"2025-08-19T15:35:22.793Z","level":"INFO","message":"🔒 Security Monitor initialized","meta":{},"pid":601041}
{"timestamp":"2025-08-19T15:35:28.186Z","level":"INFO","message":"🔒 Security Monitor initialized","meta":{},"pid":601041}
{"timestamp":"2025-08-19T15:43:00.367Z","level":"INFO","message":"🛑 Security Monitor shutting down...","meta":{},"pid":601041}
{"timestamp":"2025-08-19T15:43:00.367Z","level":"INFO","message":"📊 Security stats: {\"threatsDetected\":0,\"usersBlocked\":0,\"messagesBlocked\":0,\"alertsSent\":0,\"startTime\":1755617722793,\"activeThreats\":0,\"blockedUsers\":0,\"whitelistedUsers\":0,\"suspiciousPatterns\":0,\"uptime\":457574}","meta":{},"pid":601041}
{"timestamp":"2025-08-19T15:43:00.368Z","level":"INFO","message":"✅ Security Monitor shutdown complete","meta":{},"pid":601041}
{"timestamp":"2025-08-19T15:43:01.540Z","level":"INFO","message":"🔒 Security Monitor initialized","meta":{},"pid":601439}
{"timestamp":"2025-08-19T15:43:06.953Z","level":"INFO","message":"🔒 Security Monitor initialized","meta":{},"pid":601439}
{"timestamp":"2025-08-19T15:51:10.102Z","level":"INFO","message":"🛑 Security Monitor shutting down...","meta":{},"pid":601439}
{"timestamp":"2025-08-19T15:51:10.102Z","level":"INFO","message":"📊 Security stats: {\"threatsDetected\":0,\"usersBlocked\":0,\"messagesBlocked\":0,\"alertsSent\":0,\"startTime\":1755618181540,\"activeThreats\":0,\"blockedUsers\":0,\"whitelistedUsers\":0,\"suspiciousPatterns\":0,\"uptime\":488562}","meta":{},"pid":601439}
{"timestamp":"2025-08-19T15:51:10.102Z","level":"INFO","message":"✅ Security Monitor shutdown complete","meta":{},"pid":601439}
{"timestamp":"2025-08-19T15:51:11.283Z","level":"INFO","message":"🔒 Security Monitor initialized","meta":{},"pid":601872}
{"timestamp":"2025-08-19T15:51:16.552Z","level":"INFO","message":"🔒 Security Monitor initialized","meta":{},"pid":601872}
{"timestamp":"2025-08-19T15:58:52.755Z","level":"INFO","message":"🔒 Security Monitor initialized","meta":{},"pid":602281}
{"timestamp":"2025-08-19T15:58:57.889Z","level":"INFO","message":"🔒 Security Monitor initialized","meta":{},"pid":602281}
{"timestamp":"2025-08-19T16:06:30.925Z","level":"INFO","message":"🛑 Security Monitor shutting down...","meta":{},"pid":602281}
{"timestamp":"2025-08-19T16:06:30.925Z","level":"INFO","message":"📊 Security stats: {\"threatsDetected\":0,\"usersBlocked\":0,\"messagesBlocked\":0,\"alertsSent\":0,\"startTime\":1755619132755,\"activeThreats\":0,\"blockedUsers\":0,\"whitelistedUsers\":0,\"suspiciousPatterns\":0,\"uptime\":458170}","meta":{},"pid":602281}
{"timestamp":"2025-08-19T16:06:30.926Z","level":"INFO","message":"✅ Security Monitor shutdown complete","meta":{},"pid":602281}
{"timestamp":"2025-08-19T16:06:32.045Z","level":"INFO","message":"🔒 Security Monitor initialized","meta":{},"pid":602693}
{"timestamp":"2025-08-19T16:06:37.516Z","level":"INFO","message":"🔒 Security Monitor initialized","meta":{},"pid":602693}
{"timestamp":"2025-08-19T16:14:09.692Z","level":"INFO","message":"🛑 Security Monitor shutting down...","meta":{},"pid":602693}
{"timestamp":"2025-08-19T16:14:09.692Z","level":"INFO","message":"📊 Security stats: {\"threatsDetected\":0,\"usersBlocked\":0,\"messagesBlocked\":0,\"alertsSent\":0,\"startTime\":1755619592044,\"activeThreats\":0,\"blockedUsers\":0,\"whitelistedUsers\":0,\"suspiciousPatterns\":0,\"uptime\":457648}","meta":{},"pid":602693}
{"timestamp":"2025-08-19T16:14:09.692Z","level":"INFO","message":"✅ Security Monitor shutdown complete","meta":{},"pid":602693}
{"timestamp":"2025-08-19T16:14:10.806Z","level":"INFO","message":"🔒 Security Monitor initialized","meta":{},"pid":603101}
{"timestamp":"2025-08-19T16:14:15.549Z","level":"INFO","message":"🔒 Security Monitor initialized","meta":{},"pid":603101}
{"timestamp":"2025-08-19T16:25:22.329Z","level":"INFO","message":"🛑 Security Monitor shutting down...","meta":{},"pid":603101}
{"timestamp":"2025-08-19T16:25:22.329Z","level":"INFO","message":"📊 Security stats: {\"threatsDetected\":0,\"usersBlocked\":0,\"messagesBlocked\":0,\"alertsSent\":0,\"startTime\":1755620050806,\"activeThreats\":0,\"blockedUsers\":0,\"whitelistedUsers\":0,\"suspiciousPatterns\":0,\"uptime\":671523}","meta":{},"pid":603101}
{"timestamp":"2025-08-19T16:25:22.329Z","level":"INFO","message":"✅ Security Monitor shutdown complete","meta":{},"pid":603101}
{"timestamp":"2025-08-19T16:25:23.476Z","level":"INFO","message":"🔒 Security Monitor initialized","meta":{},"pid":603727}
{"timestamp":"2025-08-19T16:25:26.550Z","level":"INFO","message":"🔒 Security Monitor initialized","meta":{},"pid":603727}
{"timestamp":"2025-08-19T16:32:29.977Z","level":"INFO","message":"🛑 Security Monitor shutting down...","meta":{},"pid":603727}
{"timestamp":"2025-08-19T16:32:29.978Z","level":"INFO","message":"📊 Security stats: {\"threatsDetected\":0,\"usersBlocked\":0,\"messagesBlocked\":0,\"alertsSent\":0,\"startTime\":1755620723476,\"activeThreats\":0,\"blockedUsers\":0,\"whitelistedUsers\":0,\"suspiciousPatterns\":0,\"uptime\":426502}","meta":{},"pid":603727}
{"timestamp":"2025-08-19T16:32:29.978Z","level":"INFO","message":"✅ Security Monitor shutdown complete","meta":{},"pid":603727}
{"timestamp":"2025-08-19T16:32:31.035Z","level":"INFO","message":"🔒 Security Monitor initialized","meta":{},"pid":604243}
{"timestamp":"2025-08-19T16:32:36.095Z","level":"INFO","message":"🔒 Security Monitor initialized","meta":{},"pid":604243}
{"timestamp":"2025-08-19T16:40:10.159Z","level":"INFO","message":"🛑 Security Monitor shutting down...","meta":{},"pid":604243}
{"timestamp":"2025-08-19T16:40:10.160Z","level":"INFO","message":"📊 Security stats: {\"threatsDetected\":0,\"usersBlocked\":0,\"messagesBlocked\":0,\"alertsSent\":0,\"startTime\":1755621151034,\"activeThreats\":0,\"blockedUsers\":0,\"whitelistedUsers\":0,\"suspiciousPatterns\":0,\"uptime\":459126}","meta":{},"pid":604243}
{"timestamp":"2025-08-19T16:40:10.160Z","level":"INFO","message":"✅ Security Monitor shutdown complete","meta":{},"pid":604243}
{"timestamp":"2025-08-19T16:40:11.256Z","level":"INFO","message":"🔒 Security Monitor initialized","meta":{},"pid":604658}
{"timestamp":"2025-08-19T16:40:16.526Z","level":"INFO","message":"🔒 Security Monitor initialized","meta":{},"pid":604658}
{"timestamp":"2025-08-19T16:47:18.625Z","level":"INFO","message":"🛑 Security Monitor shutting down...","meta":{},"pid":604658}
{"timestamp":"2025-08-19T16:47:18.625Z","level":"INFO","message":"📊 Security stats: {\"threatsDetected\":0,\"usersBlocked\":0,\"messagesBlocked\":0,\"alertsSent\":0,\"startTime\":1755621611256,\"activeThreats\":0,\"blockedUsers\":0,\"whitelistedUsers\":0,\"suspiciousPatterns\":0,\"uptime\":427369}","meta":{},"pid":604658}
{"timestamp":"2025-08-19T16:47:18.625Z","level":"INFO","message":"✅ Security Monitor shutdown complete","meta":{},"pid":604658}
{"timestamp":"2025-08-19T16:47:19.868Z","level":"INFO","message":"🔒 Security Monitor initialized","meta":{},"pid":605052}
{"timestamp":"2025-08-19T16:47:24.521Z","level":"INFO","message":"🔒 Security Monitor initialized","meta":{},"pid":605052}
{"timestamp":"2025-08-19T16:54:56.092Z","level":"INFO","message":"🛑 Security Monitor shutting down...","meta":{},"pid":605052}
{"timestamp":"2025-08-19T16:54:56.093Z","level":"INFO","message":"📊 Security stats: {\"threatsDetected\":0,\"usersBlocked\":0,\"messagesBlocked\":0,\"alertsSent\":0,\"startTime\":1755622039868,\"activeThreats\":0,\"blockedUsers\":0,\"whitelistedUsers\":0,\"suspiciousPatterns\":0,\"uptime\":456225}","meta":{},"pid":605052}
{"timestamp":"2025-08-19T16:54:56.093Z","level":"INFO","message":"✅ Security Monitor shutdown complete","meta":{},"pid":605052}
{"timestamp":"2025-08-19T16:54:57.140Z","level":"INFO","message":"🔒 Security Monitor initialized","meta":{},"pid":605515}
{"timestamp":"2025-08-19T16:55:01.842Z","level":"INFO","message":"🔒 Security Monitor initialized","meta":{},"pid":605515}
{"timestamp":"2025-08-19T17:02:08.760Z","level":"INFO","message":"🔒 Security Monitor initialized","meta":{},"pid":605926}
{"timestamp":"2025-08-19T17:02:12.005Z","level":"INFO","message":"🔒 Security Monitor initialized","meta":{},"pid":605926}
{"timestamp":"2025-08-19T17:09:46.073Z","level":"INFO","message":"🛑 Security Monitor shutting down...","meta":{},"pid":605926}
{"timestamp":"2025-08-19T17:09:46.073Z","level":"INFO","message":"📊 Security stats: {\"threatsDetected\":0,\"usersBlocked\":0,\"messagesBlocked\":0,\"alertsSent\":0,\"startTime\":1755622928760,\"activeThreats\":0,\"blockedUsers\":0,\"whitelistedUsers\":0,\"suspiciousPatterns\":0,\"uptime\":457313}","meta":{},"pid":605926}
{"timestamp":"2025-08-19T17:09:46.073Z","level":"INFO","message":"✅ Security Monitor shutdown complete","meta":{},"pid":605926}
{"timestamp":"2025-08-19T17:09:47.303Z","level":"INFO","message":"🔒 Security Monitor initialized","meta":{},"pid":606355}
{"timestamp":"2025-08-19T17:09:52.537Z","level":"INFO","message":"🔒 Security Monitor initialized","meta":{},"pid":606355}
{"timestamp":"2025-08-19T17:16:22.649Z","level":"INFO","message":"🛑 Security Monitor shutting down...","meta":{},"pid":606355}
{"timestamp":"2025-08-19T17:16:22.650Z","level":"INFO","message":"📊 Security stats: {\"threatsDetected\":0,\"usersBlocked\":0,\"messagesBlocked\":0,\"alertsSent\":0,\"startTime\":1755623387303,\"activeThreats\":0,\"blockedUsers\":0,\"whitelistedUsers\":0,\"suspiciousPatterns\":0,\"uptime\":395347}","meta":{},"pid":606355}
{"timestamp":"2025-08-19T17:16:22.650Z","level":"INFO","message":"✅ Security Monitor shutdown complete","meta":{},"pid":606355}
{"timestamp":"2025-08-19T17:16:23.746Z","level":"INFO","message":"🔒 Security Monitor initialized","meta":{},"pid":606741}
{"timestamp":"2025-08-19T17:16:29.052Z","level":"INFO","message":"🔒 Security Monitor initialized","meta":{},"pid":606741}
{"timestamp":"2025-08-19T17:24:01.956Z","level":"INFO","message":"🛑 Security Monitor shutting down...","meta":{},"pid":606741}
{"timestamp":"2025-08-19T17:24:01.957Z","level":"INFO","message":"📊 Security stats: {\"threatsDetected\":0,\"usersBlocked\":0,\"messagesBlocked\":0,\"alertsSent\":0,\"startTime\":1755623783746,\"activeThreats\":0,\"blockedUsers\":0,\"whitelistedUsers\":0,\"suspiciousPatterns\":0,\"uptime\":458211}","meta":{},"pid":606741}
{"timestamp":"2025-08-19T17:24:01.957Z","level":"INFO","message":"✅ Security Monitor shutdown complete","meta":{},"pid":606741}
{"timestamp":"2025-08-19T17:24:03.331Z","level":"INFO","message":"🔒 Security Monitor initialized","meta":{},"pid":607248}
{"timestamp":"2025-08-19T17:24:08.679Z","level":"INFO","message":"🔒 Security Monitor initialized","meta":{},"pid":607248}
{"timestamp":"2025-08-19T17:31:10.679Z","level":"INFO","message":"🛑 Security Monitor shutting down...","meta":{},"pid":607248}
{"timestamp":"2025-08-19T17:31:10.679Z","level":"INFO","message":"📊 Security stats: {\"threatsDetected\":0,\"usersBlocked\":0,\"messagesBlocked\":0,\"alertsSent\":0,\"startTime\":1755624243331,\"activeThreats\":0,\"blockedUsers\":0,\"whitelistedUsers\":0,\"suspiciousPatterns\":0,\"uptime\":427348}","meta":{},"pid":607248}
{"timestamp":"2025-08-19T17:31:10.680Z","level":"INFO","message":"✅ Security Monitor shutdown complete","meta":{},"pid":607248}
{"timestamp":"2025-08-19T17:31:12.276Z","level":"INFO","message":"🔒 Security Monitor initialized","meta":{},"pid":607851}
{"timestamp":"2025-08-19T17:31:17.758Z","level":"INFO","message":"🔒 Security Monitor initialized","meta":{},"pid":607851}
{"timestamp":"2025-08-19T17:39:49.945Z","level":"INFO","message":"🛑 Security Monitor shutting down...","meta":{},"pid":607851}
{"timestamp":"2025-08-19T17:39:49.946Z","level":"INFO","message":"📊 Security stats: {\"threatsDetected\":0,\"usersBlocked\":0,\"messagesBlocked\":0,\"alertsSent\":0,\"startTime\":1755624672276,\"activeThreats\":0,\"blockedUsers\":0,\"whitelistedUsers\":0,\"suspiciousPatterns\":0,\"uptime\":517670}","meta":{},"pid":607851}
{"timestamp":"2025-08-19T17:39:49.946Z","level":"INFO","message":"✅ Security Monitor shutdown complete","meta":{},"pid":607851}
{"timestamp":"2025-08-19T17:39:51.125Z","level":"INFO","message":"🔒 Security Monitor initialized","meta":{},"pid":608430}
{"timestamp":"2025-08-19T17:39:56.246Z","level":"INFO","message":"🔒 Security Monitor initialized","meta":{},"pid":608430}
{"timestamp":"2025-08-19T17:47:27.411Z","level":"INFO","message":"🛑 Security Monitor shutting down...","meta":{},"pid":608430}
{"timestamp":"2025-08-19T17:47:27.411Z","level":"INFO","message":"📊 Security stats: {\"threatsDetected\":0,\"usersBlocked\":0,\"messagesBlocked\":0,\"alertsSent\":0,\"startTime\":1755625191125,\"activeThreats\":0,\"blockedUsers\":0,\"whitelistedUsers\":0,\"suspiciousPatterns\":0,\"uptime\":456286}","meta":{},"pid":608430}
{"timestamp":"2025-08-19T17:47:27.411Z","level":"INFO","message":"✅ Security Monitor shutdown complete","meta":{},"pid":608430}
{"timestamp":"2025-08-19T17:47:28.465Z","level":"INFO","message":"🔒 Security Monitor initialized","meta":{},"pid":608941}
{"timestamp":"2025-08-19T17:47:33.173Z","level":"INFO","message":"🔒 Security Monitor initialized","meta":{},"pid":608941}
{"timestamp":"2025-08-19T17:53:35.818Z","level":"INFO","message":"🛑 Security Monitor shutting down...","meta":{},"pid":608941}
{"timestamp":"2025-08-19T17:53:35.819Z","level":"INFO","message":"📊 Security stats: {\"threatsDetected\":0,\"usersBlocked\":0,\"messagesBlocked\":0,\"alertsSent\":0,\"startTime\":1755625648465,\"activeThreats\":0,\"blockedUsers\":0,\"whitelistedUsers\":0,\"suspiciousPatterns\":0,\"uptime\":367354}","meta":{},"pid":608941}
{"timestamp":"2025-08-19T17:53:35.819Z","level":"INFO","message":"✅ Security Monitor shutdown complete","meta":{},"pid":608941}
{"timestamp":"2025-08-19T17:53:36.973Z","level":"INFO","message":"🔒 Security Monitor initialized","meta":{},"pid":609355}
{"timestamp":"2025-08-19T17:53:42.234Z","level":"INFO","message":"🔒 Security Monitor initialized","meta":{},"pid":609355}
{"timestamp":"2025-08-19T18:00:44.128Z","level":"INFO","message":"🛑 Security Monitor shutting down...","meta":{},"pid":609355}
{"timestamp":"2025-08-19T18:00:44.129Z","level":"INFO","message":"📊 Security stats: {\"threatsDetected\":0,\"usersBlocked\":0,\"messagesBlocked\":0,\"alertsSent\":0,\"startTime\":1755626016973,\"activeThreats\":0,\"blockedUsers\":0,\"whitelistedUsers\":0,\"suspiciousPatterns\":0,\"uptime\":427156}","meta":{},"pid":609355}
{"timestamp":"2025-08-19T18:00:44.129Z","level":"INFO","message":"✅ Security Monitor shutdown complete","meta":{},"pid":609355}
{"timestamp":"2025-08-19T18:00:45.309Z","level":"INFO","message":"🔒 Security Monitor initialized","meta":{},"pid":609835}
{"timestamp":"2025-08-19T18:00:50.689Z","level":"INFO","message":"🔒 Security Monitor initialized","meta":{},"pid":609835}
{"timestamp":"2025-08-19T18:11:57.788Z","level":"INFO","message":"🛑 Security Monitor shutting down...","meta":{},"pid":609835}
{"timestamp":"2025-08-19T18:11:57.789Z","level":"INFO","message":"📊 Security stats: {\"threatsDetected\":0,\"usersBlocked\":0,\"messagesBlocked\":0,\"alertsSent\":0,\"startTime\":1755626445308,\"activeThreats\":0,\"blockedUsers\":0,\"whitelistedUsers\":0,\"suspiciousPatterns\":0,\"uptime\":672481}","meta":{},"pid":609835}
{"timestamp":"2025-08-19T18:11:57.789Z","level":"INFO","message":"✅ Security Monitor shutdown complete","meta":{},"pid":609835}
{"timestamp":"2025-08-19T18:11:58.953Z","level":"INFO","message":"🔒 Security Monitor initialized","meta":{},"pid":610594}
{"timestamp":"2025-08-19T18:12:04.314Z","level":"INFO","message":"🔒 Security Monitor initialized","meta":{},"pid":610594}
{"timestamp":"2025-08-19T18:19:07.017Z","level":"INFO","message":"🛑 Security Monitor shutting down...","meta":{},"pid":610594}
{"timestamp":"2025-08-19T18:19:07.017Z","level":"INFO","message":"📊 Security stats: {\"threatsDetected\":0,\"usersBlocked\":0,\"messagesBlocked\":0,\"alertsSent\":0,\"startTime\":1755627118953,\"activeThreats\":0,\"blockedUsers\":0,\"whitelistedUsers\":0,\"suspiciousPatterns\":0,\"uptime\":428064}","meta":{},"pid":610594}
{"timestamp":"2025-08-19T18:19:07.017Z","level":"INFO","message":"✅ Security Monitor shutdown complete","meta":{},"pid":610594}
{"timestamp":"2025-08-19T18:19:08.157Z","level":"INFO","message":"🔒 Security Monitor initialized","meta":{},"pid":611080}
{"timestamp":"2025-08-19T18:19:13.435Z","level":"INFO","message":"🔒 Security Monitor initialized","meta":{},"pid":611080}
{"timestamp":"2025-08-19T18:27:17.209Z","level":"INFO","message":"🛑 Security Monitor shutting down...","meta":{},"pid":611080}
{"timestamp":"2025-08-19T18:27:17.209Z","level":"INFO","message":"📊 Security stats: {\"threatsDetected\":0,\"usersBlocked\":0,\"messagesBlocked\":0,\"alertsSent\":0,\"startTime\":1755627548157,\"activeThreats\":0,\"blockedUsers\":0,\"whitelistedUsers\":0,\"suspiciousPatterns\":0,\"uptime\":489052}","meta":{},"pid":611080}
{"timestamp":"2025-08-19T18:27:17.209Z","level":"INFO","message":"✅ Security Monitor shutdown complete","meta":{},"pid":611080}
{"timestamp":"2025-08-19T18:27:18.292Z","level":"INFO","message":"🔒 Security Monitor initialized","meta":{},"pid":611756}
{"timestamp":"2025-08-19T18:27:22.895Z","level":"INFO","message":"🔒 Security Monitor initialized","meta":{},"pid":611756}
{"timestamp":"2025-08-19T18:35:57.323Z","level":"INFO","message":"🛑 Security Monitor shutting down...","meta":{},"pid":611756}
{"timestamp":"2025-08-19T18:35:57.324Z","level":"INFO","message":"📊 Security stats: {\"threatsDetected\":0,\"usersBlocked\":0,\"messagesBlocked\":0,\"alertsSent\":0,\"startTime\":1755628038292,\"activeThreats\":0,\"blockedUsers\":0,\"whitelistedUsers\":0,\"suspiciousPatterns\":0,\"uptime\":519032}","meta":{},"pid":611756}
{"timestamp":"2025-08-19T18:35:57.324Z","level":"INFO","message":"✅ Security Monitor shutdown complete","meta":{},"pid":611756}
{"timestamp":"2025-08-19T18:35:58.899Z","level":"INFO","message":"🔒 Security Monitor initialized","meta":{},"pid":612342}
{"timestamp":"2025-08-19T18:36:04.001Z","level":"INFO","message":"🔒 Security Monitor initialized","meta":{},"pid":612342}
{"timestamp":"2025-08-19T18:44:10.606Z","level":"INFO","message":"🔒 Security Monitor initialized","meta":{},"pid":612892}
{"timestamp":"2025-08-19T18:44:15.938Z","level":"INFO","message":"🔒 Security Monitor initialized","meta":{},"pid":612892}
{"timestamp":"2025-08-19T18:51:16.992Z","level":"INFO","message":"🛑 Security Monitor shutting down...","meta":{},"pid":612892}
{"timestamp":"2025-08-19T18:51:16.993Z","level":"INFO","message":"📊 Security stats: {\"threatsDetected\":0,\"usersBlocked\":0,\"messagesBlocked\":0,\"alertsSent\":0,\"startTime\":1755629050605,\"activeThreats\":0,\"blockedUsers\":0,\"whitelistedUsers\":0,\"suspiciousPatterns\":0,\"uptime\":426388}","meta":{},"pid":612892}
{"timestamp":"2025-08-19T18:51:16.993Z","level":"INFO","message":"✅ Security Monitor shutdown complete","meta":{},"pid":612892}
{"timestamp":"2025-08-19T18:51:18.123Z","level":"INFO","message":"🔒 Security Monitor initialized","meta":{},"pid":613369}
{"timestamp":"2025-08-19T18:51:22.759Z","level":"INFO","message":"🔒 Security Monitor initialized","meta":{},"pid":613369}
{"timestamp":"2025-08-19T18:59:28.084Z","level":"INFO","message":"🛑 Security Monitor shutting down...","meta":{},"pid":613369}
{"timestamp":"2025-08-19T18:59:28.085Z","level":"INFO","message":"📊 Security stats: {\"threatsDetected\":0,\"usersBlocked\":0,\"messagesBlocked\":0,\"alertsSent\":0,\"startTime\":1755629478123,\"activeThreats\":0,\"blockedUsers\":0,\"whitelistedUsers\":0,\"suspiciousPatterns\":0,\"uptime\":489962}","meta":{},"pid":613369}
{"timestamp":"2025-08-19T18:59:28.085Z","level":"INFO","message":"✅ Security Monitor shutdown complete","meta":{},"pid":613369}
{"timestamp":"2025-08-19T18:59:29.711Z","level":"INFO","message":"🔒 Security Monitor initialized","meta":{},"pid":613909}
{"timestamp":"2025-08-19T18:59:35.262Z","level":"INFO","message":"🔒 Security Monitor initialized","meta":{},"pid":613909}
{"timestamp":"2025-08-19T19:07:08.106Z","level":"INFO","message":"🛑 Security Monitor shutting down...","meta":{},"pid":613909}
{"timestamp":"2025-08-19T19:07:08.106Z","level":"INFO","message":"📊 Security stats: {\"threatsDetected\":0,\"usersBlocked\":0,\"messagesBlocked\":0,\"alertsSent\":0,\"startTime\":1755629969710,\"activeThreats\":0,\"blockedUsers\":0,\"whitelistedUsers\":0,\"suspiciousPatterns\":0,\"uptime\":458396}","meta":{},"pid":613909}
{"timestamp":"2025-08-19T19:07:08.106Z","level":"INFO","message":"✅ Security Monitor shutdown complete","meta":{},"pid":613909}
{"timestamp":"2025-08-19T19:07:09.657Z","level":"INFO","message":"🔒 Security Monitor initialized","meta":{},"pid":614433}
{"timestamp":"2025-08-19T19:07:15.148Z","level":"INFO","message":"🔒 Security Monitor initialized","meta":{},"pid":614433}
{"timestamp":"2025-08-19T19:14:15.584Z","level":"INFO","message":"🛑 Security Monitor shutting down...","meta":{},"pid":614433}
{"timestamp":"2025-08-19T19:14:15.585Z","level":"INFO","message":"📊 Security stats: {\"threatsDetected\":0,\"usersBlocked\":0,\"messagesBlocked\":0,\"alertsSent\":0,\"startTime\":1755630429657,\"activeThreats\":0,\"blockedUsers\":0,\"whitelistedUsers\":0,\"suspiciousPatterns\":0,\"uptime\":425928}","meta":{},"pid":614433}
{"timestamp":"2025-08-19T19:14:15.585Z","level":"INFO","message":"✅ Security Monitor shutdown complete","meta":{},"pid":614433}
{"timestamp":"2025-08-19T19:14:16.621Z","level":"INFO","message":"🔒 Security Monitor initialized","meta":{},"pid":614902}
{"timestamp":"2025-08-19T19:14:21.815Z","level":"INFO","message":"🔒 Security Monitor initialized","meta":{},"pid":614902}
{"timestamp":"2025-08-19T19:24:59.550Z","level":"INFO","message":"🛑 Security Monitor shutting down...","meta":{},"pid":614902}
{"timestamp":"2025-08-19T19:24:59.551Z","level":"INFO","message":"📊 Security stats: {\"threatsDetected\":0,\"usersBlocked\":0,\"messagesBlocked\":0,\"alertsSent\":0,\"startTime\":1755630856621,\"activeThreats\":0,\"blockedUsers\":0,\"whitelistedUsers\":0,\"suspiciousPatterns\":0,\"uptime\":642930}","meta":{},"pid":614902}
{"timestamp":"2025-08-19T19:24:59.551Z","level":"INFO","message":"✅ Security Monitor shutdown complete","meta":{},"pid":614902}
{"timestamp":"2025-08-19T19:25:00.731Z","level":"INFO","message":"🔒 Security Monitor initialized","meta":{},"pid":615587}
{"timestamp":"2025-08-19T19:25:05.646Z","level":"INFO","message":"🔒 Security Monitor initialized","meta":{},"pid":615587}
{"timestamp":"2025-08-19T19:33:40.786Z","level":"INFO","message":"🛑 Security Monitor shutting down...","meta":{},"pid":615587}
{"timestamp":"2025-08-19T19:33:40.787Z","level":"INFO","message":"📊 Security stats: {\"threatsDetected\":0,\"usersBlocked\":0,\"messagesBlocked\":0,\"alertsSent\":0,\"startTime\":1755631500731,\"activeThreats\":0,\"blockedUsers\":0,\"whitelistedUsers\":0,\"suspiciousPatterns\":0,\"uptime\":520056}","meta":{},"pid":615587}
{"timestamp":"2025-08-19T19:33:40.787Z","level":"INFO","message":"✅ Security Monitor shutdown complete","meta":{},"pid":615587}
{"timestamp":"2025-08-19T19:33:41.747Z","level":"INFO","message":"🔒 Security Monitor initialized","meta":{},"pid":616075}
{"timestamp":"2025-08-19T19:33:46.441Z","level":"INFO","message":"🔒 Security Monitor initialized","meta":{},"pid":616075}
{"timestamp":"2025-08-19T19:44:23.100Z","level":"INFO","message":"🛑 Security Monitor shutting down...","meta":{},"pid":616075}
{"timestamp":"2025-08-19T19:44:23.101Z","level":"INFO","message":"📊 Security stats: {\"threatsDetected\":0,\"usersBlocked\":0,\"messagesBlocked\":0,\"alertsSent\":0,\"startTime\":1755632021747,\"activeThreats\":0,\"blockedUsers\":0,\"whitelistedUsers\":0,\"suspiciousPatterns\":0,\"uptime\":641354}","meta":{},"pid":616075}
{"timestamp":"2025-08-19T19:44:23.101Z","level":"INFO","message":"✅ Security Monitor shutdown complete","meta":{},"pid":616075}
{"timestamp":"2025-08-19T19:44:24.254Z","level":"INFO","message":"🔒 Security Monitor initialized","meta":{},"pid":616722}
{"timestamp":"2025-08-19T19:44:29.490Z","level":"INFO","message":"🔒 Security Monitor initialized","meta":{},"pid":616722}
{"timestamp":"2025-08-19T19:51:32.116Z","level":"INFO","message":"🛑 Security Monitor shutting down...","meta":{},"pid":616722}
{"timestamp":"2025-08-19T19:51:32.119Z","level":"INFO","message":"📊 Security stats: {\"threatsDetected\":0,\"usersBlocked\":0,\"messagesBlocked\":0,\"alertsSent\":0,\"startTime\":1755632664254,\"activeThreats\":0,\"blockedUsers\":0,\"whitelistedUsers\":0,\"suspiciousPatterns\":0,\"uptime\":427865}","meta":{},"pid":616722}
{"timestamp":"2025-08-19T19:51:32.119Z","level":"INFO","message":"✅ Security Monitor shutdown complete","meta":{},"pid":616722}
{"timestamp":"2025-08-19T19:51:33.503Z","level":"INFO","message":"🔒 Security Monitor initialized","meta":{},"pid":617164}
{"timestamp":"2025-08-19T19:51:38.196Z","level":"INFO","message":"🔒 Security Monitor initialized","meta":{},"pid":617164}
{"timestamp":"2025-08-19T19:58:40.042Z","level":"INFO","message":"🛑 Security Monitor shutting down...","meta":{},"pid":617164}
{"timestamp":"2025-08-19T19:58:40.042Z","level":"INFO","message":"📊 Security stats: {\"threatsDetected\":0,\"usersBlocked\":0,\"messagesBlocked\":0,\"alertsSent\":0,\"startTime\":1755633093503,\"activeThreats\":0,\"blockedUsers\":0,\"whitelistedUsers\":0,\"suspiciousPatterns\":0,\"uptime\":426539}","meta":{},"pid":617164}
{"timestamp":"2025-08-19T19:58:40.042Z","level":"INFO","message":"✅ Security Monitor shutdown complete","meta":{},"pid":617164}
{"timestamp":"2025-08-19T19:58:41.093Z","level":"INFO","message":"🔒 Security Monitor initialized","meta":{},"pid":617613}
{"timestamp":"2025-08-19T19:58:45.745Z","level":"INFO","message":"🔒 Security Monitor initialized","meta":{},"pid":617613}
{"timestamp":"2025-08-19T20:06:50.215Z","level":"INFO","message":"🛑 Security Monitor shutting down...","meta":{},"pid":617613}
{"timestamp":"2025-08-19T20:06:50.216Z","level":"INFO","message":"📊 Security stats: {\"threatsDetected\":0,\"usersBlocked\":0,\"messagesBlocked\":0,\"alertsSent\":0,\"startTime\":1755633521093,\"activeThreats\":0,\"blockedUsers\":0,\"whitelistedUsers\":0,\"suspiciousPatterns\":0,\"uptime\":489123}","meta":{},"pid":617613}
{"timestamp":"2025-08-19T20:06:50.216Z","level":"INFO","message":"✅ Security Monitor shutdown complete","meta":{},"pid":617613}
{"timestamp":"2025-08-19T20:06:51.421Z","level":"INFO","message":"🔒 Security Monitor initialized","meta":{},"pid":618096}
{"timestamp":"2025-08-19T20:06:56.761Z","level":"INFO","message":"🔒 Security Monitor initialized","meta":{},"pid":618096}
{"timestamp":"2025-08-19T20:14:57.890Z","level":"INFO","message":"🛑 Security Monitor shutting down...","meta":{},"pid":618096}
{"timestamp":"2025-08-19T20:14:57.890Z","level":"INFO","message":"📊 Security stats: {\"threatsDetected\":0,\"usersBlocked\":0,\"messagesBlocked\":0,\"alertsSent\":0,\"startTime\":1755634011421,\"activeThreats\":0,\"blockedUsers\":0,\"whitelistedUsers\":0,\"suspiciousPatterns\":0,\"uptime\":486469}","meta":{},"pid":618096}
{"timestamp":"2025-08-19T20:14:57.890Z","level":"INFO","message":"✅ Security Monitor shutdown complete","meta":{},"pid":618096}
{"timestamp":"2025-08-19T20:14:58.925Z","level":"INFO","message":"🔒 Security Monitor initialized","meta":{},"pid":618578}
{"timestamp":"2025-08-19T20:15:04.093Z","level":"INFO","message":"🔒 Security Monitor initialized","meta":{},"pid":618578}
{"timestamp":"2025-08-19T20:22:37.155Z","level":"INFO","message":"🛑 Security Monitor shutting down...","meta":{},"pid":618578}
{"timestamp":"2025-08-19T20:22:37.155Z","level":"INFO","message":"📊 Security stats: {\"threatsDetected\":0,\"usersBlocked\":0,\"messagesBlocked\":0,\"alertsSent\":0,\"startTime\":1755634498924,\"activeThreats\":0,\"blockedUsers\":0,\"whitelistedUsers\":0,\"suspiciousPatterns\":0,\"uptime\":458231}","meta":{},"pid":618578}
{"timestamp":"2025-08-19T20:22:37.155Z","level":"INFO","message":"✅ Security Monitor shutdown complete","meta":{},"pid":618578}
{"timestamp":"2025-08-19T20:22:38.236Z","level":"INFO","message":"🔒 Security Monitor initialized","meta":{},"pid":619006}
{"timestamp":"2025-08-19T20:22:42.981Z","level":"INFO","message":"🔒 Security Monitor initialized","meta":{},"pid":619006}
{"timestamp":"2025-08-19T20:30:16.265Z","level":"INFO","message":"🛑 Security Monitor shutting down...","meta":{},"pid":619006}
{"timestamp":"2025-08-19T20:30:16.265Z","level":"INFO","message":"📊 Security stats: {\"threatsDetected\":0,\"usersBlocked\":0,\"messagesBlocked\":0,\"alertsSent\":0,\"startTime\":1755634958236,\"activeThreats\":0,\"blockedUsers\":0,\"whitelistedUsers\":0,\"suspiciousPatterns\":0,\"uptime\":458029}","meta":{},"pid":619006}
{"timestamp":"2025-08-19T20:30:16.265Z","level":"INFO","message":"✅ Security Monitor shutdown complete","meta":{},"pid":619006}
{"timestamp":"2025-08-19T20:30:17.962Z","level":"INFO","message":"🔒 Security Monitor initialized","meta":{},"pid":619498}
{"timestamp":"2025-08-19T20:30:23.164Z","level":"INFO","message":"🔒 Security Monitor initialized","meta":{},"pid":619498}
{"timestamp":"2025-08-19T20:37:27.230Z","level":"INFO","message":"🔒 Security Monitor initialized","meta":{},"pid":619849}
{"timestamp":"2025-08-19T20:37:32.063Z","level":"INFO","message":"🔒 Security Monitor initialized","meta":{},"pid":619849}
{"timestamp":"2025-08-19T20:44:03.450Z","level":"INFO","message":"🛑 Security Monitor shutting down...","meta":{},"pid":619849}
{"timestamp":"2025-08-19T20:44:03.450Z","level":"INFO","message":"📊 Security stats: {\"threatsDetected\":0,\"usersBlocked\":0,\"messagesBlocked\":0,\"alertsSent\":0,\"startTime\":1755635847230,\"activeThreats\":0,\"blockedUsers\":0,\"whitelistedUsers\":0,\"suspiciousPatterns\":0,\"uptime\":396220}","meta":{},"pid":619849}
{"timestamp":"2025-08-19T20:44:03.450Z","level":"INFO","message":"✅ Security Monitor shutdown complete","meta":{},"pid":619849}
{"timestamp":"2025-08-19T20:44:04.519Z","level":"INFO","message":"🔒 Security Monitor initialized","meta":{},"pid":620167}
{"timestamp":"2025-08-19T20:44:09.697Z","level":"INFO","message":"🔒 Security Monitor initialized","meta":{},"pid":620167}
{"timestamp":"2025-08-19T20:55:16.742Z","level":"INFO","message":"🛑 Security Monitor shutting down...","meta":{},"pid":620167}
{"timestamp":"2025-08-19T20:55:16.742Z","level":"INFO","message":"📊 Security stats: {\"threatsDetected\":0,\"usersBlocked\":0,\"messagesBlocked\":0,\"alertsSent\":0,\"startTime\":1755636244519,\"activeThreats\":0,\"blockedUsers\":0,\"whitelistedUsers\":0,\"suspiciousPatterns\":0,\"uptime\":672223}","meta":{},"pid":620167}
{"timestamp":"2025-08-19T20:55:16.742Z","level":"INFO","message":"✅ Security Monitor shutdown complete","meta":{},"pid":620167}
{"timestamp":"2025-08-19T20:55:17.798Z","level":"INFO","message":"🔒 Security Monitor initialized","meta":{},"pid":620725}
{"timestamp":"2025-08-19T20:55:22.948Z","level":"INFO","message":"🔒 Security Monitor initialized","meta":{},"pid":620725}
{"timestamp":"2025-08-19T21:02:24.671Z","level":"INFO","message":"🛑 Security Monitor shutting down...","meta":{},"pid":620725}
{"timestamp":"2025-08-19T21:02:24.672Z","level":"INFO","message":"📊 Security stats: {\"threatsDetected\":0,\"usersBlocked\":0,\"messagesBlocked\":0,\"alertsSent\":0,\"startTime\":1755636917798,\"activeThreats\":0,\"blockedUsers\":0,\"whitelistedUsers\":0,\"suspiciousPatterns\":0,\"uptime\":426874}","meta":{},"pid":620725}
{"timestamp":"2025-08-19T21:02:24.672Z","level":"INFO","message":"✅ Security Monitor shutdown complete","meta":{},"pid":620725}
{"timestamp":"2025-08-19T21:02:25.952Z","level":"INFO","message":"🔒 Security Monitor initialized","meta":{},"pid":621069}
{"timestamp":"2025-08-19T21:02:31.256Z","level":"INFO","message":"🔒 Security Monitor initialized","meta":{},"pid":621069}
{"timestamp":"2025-08-19T21:09:33.697Z","level":"INFO","message":"🛑 Security Monitor shutting down...","meta":{},"pid":621069}
{"timestamp":"2025-08-19T21:09:33.698Z","level":"INFO","message":"📊 Security stats: {\"threatsDetected\":0,\"usersBlocked\":0,\"messagesBlocked\":0,\"alertsSent\":0,\"startTime\":1755637345952,\"activeThreats\":0,\"blockedUsers\":0,\"whitelistedUsers\":0,\"suspiciousPatterns\":0,\"uptime\":427746}","meta":{},"pid":621069}
{"timestamp":"2025-08-19T21:09:33.698Z","level":"INFO","message":"✅ Security Monitor shutdown complete","meta":{},"pid":621069}
{"timestamp":"2025-08-19T21:09:34.875Z","level":"INFO","message":"🔒 Security Monitor initialized","meta":{},"pid":621411}
{"timestamp":"2025-08-19T21:09:40.083Z","level":"INFO","message":"🔒 Security Monitor initialized","meta":{},"pid":621411}
{"timestamp":"2025-08-19T21:18:13.231Z","level":"INFO","message":"🛑 Security Monitor shutting down...","meta":{},"pid":621411}
{"timestamp":"2025-08-19T21:18:13.232Z","level":"INFO","message":"📊 Security stats: {\"threatsDetected\":0,\"usersBlocked\":0,\"messagesBlocked\":0,\"alertsSent\":0,\"startTime\":1755637774875,\"activeThreats\":0,\"blockedUsers\":0,\"whitelistedUsers\":0,\"suspiciousPatterns\":0,\"uptime\":518357}","meta":{},"pid":621411}
{"timestamp":"2025-08-19T21:18:13.232Z","level":"INFO","message":"✅ Security Monitor shutdown complete","meta":{},"pid":621411}
{"timestamp":"2025-08-19T21:18:14.450Z","level":"INFO","message":"🔒 Security Monitor initialized","meta":{},"pid":621846}
{"timestamp":"2025-08-19T21:18:19.205Z","level":"INFO","message":"🔒 Security Monitor initialized","meta":{},"pid":621846}
{"timestamp":"2025-08-19T21:26:52.236Z","level":"INFO","message":"🛑 Security Monitor shutting down...","meta":{},"pid":621846}
{"timestamp":"2025-08-19T21:26:52.236Z","level":"INFO","message":"📊 Security stats: {\"threatsDetected\":0,\"usersBlocked\":0,\"messagesBlocked\":0,\"alertsSent\":0,\"startTime\":1755638294449,\"activeThreats\":0,\"blockedUsers\":0,\"whitelistedUsers\":0,\"suspiciousPatterns\":0,\"uptime\":517787}","meta":{},"pid":621846}
{"timestamp":"2025-08-19T21:26:52.236Z","level":"INFO","message":"✅ Security Monitor shutdown complete","meta":{},"pid":621846}
{"timestamp":"2025-08-19T21:26:53.324Z","level":"INFO","message":"🔒 Security Monitor initialized","meta":{},"pid":622281}
{"timestamp":"2025-08-19T21:26:58.434Z","level":"INFO","message":"🔒 Security Monitor initialized","meta":{},"pid":622281}
{"timestamp":"2025-08-19T21:36:01.896Z","level":"INFO","message":"🛑 Security Monitor shutting down...","meta":{},"pid":622281}
{"timestamp":"2025-08-19T21:36:01.897Z","level":"INFO","message":"📊 Security stats: {\"threatsDetected\":0,\"usersBlocked\":0,\"messagesBlocked\":0,\"alertsSent\":0,\"startTime\":1755638813324,\"activeThreats\":0,\"blockedUsers\":0,\"whitelistedUsers\":0,\"suspiciousPatterns\":0,\"uptime\":548573}","meta":{},"pid":622281}
{"timestamp":"2025-08-19T21:36:01.897Z","level":"INFO","message":"✅ Security Monitor shutdown complete","meta":{},"pid":622281}
{"timestamp":"2025-08-19T21:36:03.263Z","level":"INFO","message":"🔒 Security Monitor initialized","meta":{},"pid":622904}
{"timestamp":"2025-08-19T21:36:08.417Z","level":"INFO","message":"🔒 Security Monitor initialized","meta":{},"pid":622904}
{"timestamp":"2025-08-19T21:43:10.401Z","level":"INFO","message":"🛑 Security Monitor shutting down...","meta":{},"pid":622904}
{"timestamp":"2025-08-19T21:43:10.401Z","level":"INFO","message":"📊 Security stats: {\"threatsDetected\":0,\"usersBlocked\":0,\"messagesBlocked\":0,\"alertsSent\":0,\"startTime\":1755639363262,\"activeThreats\":0,\"blockedUsers\":0,\"whitelistedUsers\":0,\"suspiciousPatterns\":0,\"uptime\":427139}","meta":{},"pid":622904}
{"timestamp":"2025-08-19T21:43:10.401Z","level":"INFO","message":"✅ Security Monitor shutdown complete","meta":{},"pid":622904}
{"timestamp":"2025-08-19T21:43:11.746Z","level":"INFO","message":"🔒 Security Monitor initialized","meta":{},"pid":623282}
{"timestamp":"2025-08-19T21:43:16.976Z","level":"INFO","message":"🔒 Security Monitor initialized","meta":{},"pid":623282}
{"timestamp":"2025-08-19T21:53:51.773Z","level":"INFO","message":"🛑 Security Monitor shutting down...","meta":{},"pid":623282}
{"timestamp":"2025-08-19T21:53:51.774Z","level":"INFO","message":"📊 Security stats: {\"threatsDetected\":0,\"usersBlocked\":0,\"messagesBlocked\":0,\"alertsSent\":0,\"startTime\":1755639791746,\"activeThreats\":0,\"blockedUsers\":0,\"whitelistedUsers\":0,\"suspiciousPatterns\":0,\"uptime\":640028}","meta":{},"pid":623282}
{"timestamp":"2025-08-19T21:53:51.774Z","level":"INFO","message":"✅ Security Monitor shutdown complete","meta":{},"pid":623282}
{"timestamp":"2025-08-19T21:53:52.823Z","level":"INFO","message":"🔒 Security Monitor initialized","meta":{},"pid":623925}
{"timestamp":"2025-08-19T21:53:58.052Z","level":"INFO","message":"🔒 Security Monitor initialized","meta":{},"pid":623925}
{"timestamp":"2025-08-19T22:00:58.992Z","level":"INFO","message":"🛑 Security Monitor shutting down...","meta":{},"pid":623925}
{"timestamp":"2025-08-19T22:00:58.993Z","level":"INFO","message":"📊 Security stats: {\"threatsDetected\":0,\"usersBlocked\":0,\"messagesBlocked\":0,\"alertsSent\":0,\"startTime\":1755640432823,\"activeThreats\":0,\"blockedUsers\":0,\"whitelistedUsers\":0,\"suspiciousPatterns\":0,\"uptime\":426170}","meta":{},"pid":623925}
{"timestamp":"2025-08-19T22:00:58.993Z","level":"INFO","message":"✅ Security Monitor shutdown complete","meta":{},"pid":623925}
{"timestamp":"2025-08-19T22:01:00.453Z","level":"INFO","message":"🔒 Security Monitor initialized","meta":{},"pid":624391}
{"timestamp":"2025-08-19T22:01:05.966Z","level":"INFO","message":"🔒 Security Monitor initialized","meta":{},"pid":624391}
{"timestamp":"2025-08-19T22:08:38.266Z","level":"INFO","message":"🛑 Security Monitor shutting down...","meta":{},"pid":624391}
{"timestamp":"2025-08-19T22:08:38.267Z","level":"INFO","message":"📊 Security stats: {\"threatsDetected\":0,\"usersBlocked\":0,\"messagesBlocked\":0,\"alertsSent\":0,\"startTime\":1755640860452,\"activeThreats\":0,\"blockedUsers\":0,\"whitelistedUsers\":0,\"suspiciousPatterns\":0,\"uptime\":457815}","meta":{},"pid":624391}
{"timestamp":"2025-08-19T22:08:38.267Z","level":"INFO","message":"✅ Security Monitor shutdown complete","meta":{},"pid":624391}
{"timestamp":"2025-08-19T22:08:39.523Z","level":"INFO","message":"🔒 Security Monitor initialized","meta":{},"pid":624828}
{"timestamp":"2025-08-19T22:08:44.702Z","level":"INFO","message":"🔒 Security Monitor initialized","meta":{},"pid":624828}
{"timestamp":"2025-08-19T22:16:16.037Z","level":"INFO","message":"🛑 Security Monitor shutting down...","meta":{},"pid":624828}
{"timestamp":"2025-08-19T22:16:16.037Z","level":"INFO","message":"📊 Security stats: {\"threatsDetected\":0,\"usersBlocked\":0,\"messagesBlocked\":0,\"alertsSent\":0,\"startTime\":1755641319523,\"activeThreats\":0,\"blockedUsers\":0,\"whitelistedUsers\":0,\"suspiciousPatterns\":0,\"uptime\":456514}","meta":{},"pid":624828}
{"timestamp":"2025-08-19T22:16:16.037Z","level":"INFO","message":"✅ Security Monitor shutdown complete","meta":{},"pid":624828}
{"timestamp":"2025-08-19T22:16:17.106Z","level":"INFO","message":"🔒 Security Monitor initialized","meta":{},"pid":625325}
{"timestamp":"2025-08-19T22:16:22.360Z","level":"INFO","message":"🔒 Security Monitor initialized","meta":{},"pid":625325}
{"timestamp":"2025-08-19T22:23:54.664Z","level":"INFO","message":"🛑 Security Monitor shutting down...","meta":{},"pid":625325}
{"timestamp":"2025-08-19T22:23:54.665Z","level":"INFO","message":"📊 Security stats: {\"threatsDetected\":0,\"usersBlocked\":0,\"messagesBlocked\":0,\"alertsSent\":0,\"startTime\":1755641777106,\"activeThreats\":0,\"blockedUsers\":0,\"whitelistedUsers\":0,\"suspiciousPatterns\":0,\"uptime\":457559}","meta":{},"pid":625325}
{"timestamp":"2025-08-19T22:23:54.665Z","level":"INFO","message":"✅ Security Monitor shutdown complete","meta":{},"pid":625325}
{"timestamp":"2025-08-19T22:23:55.711Z","level":"INFO","message":"🔒 Security Monitor initialized","meta":{},"pid":625855}
{"timestamp":"2025-08-19T22:24:00.961Z","level":"INFO","message":"🔒 Security Monitor initialized","meta":{},"pid":625855}
{"timestamp":"2025-08-19T22:32:33.487Z","level":"INFO","message":"🛑 Security Monitor shutting down...","meta":{},"pid":625855}
{"timestamp":"2025-08-19T22:32:33.487Z","level":"INFO","message":"📊 Security stats: {\"threatsDetected\":0,\"usersBlocked\":0,\"messagesBlocked\":0,\"alertsSent\":0,\"startTime\":1755642235711,\"activeThreats\":0,\"blockedUsers\":0,\"whitelistedUsers\":0,\"suspiciousPatterns\":0,\"uptime\":517776}","meta":{},"pid":625855}
{"timestamp":"2025-08-19T22:32:33.487Z","level":"INFO","message":"✅ Security Monitor shutdown complete","meta":{},"pid":625855}
{"timestamp":"2025-08-19T22:32:34.651Z","level":"INFO","message":"🔒 Security Monitor initialized","meta":{},"pid":626530}
{"timestamp":"2025-08-19T22:32:39.828Z","level":"INFO","message":"🔒 Security Monitor initialized","meta":{},"pid":626530}
{"timestamp":"2025-08-19T22:41:12.848Z","level":"INFO","message":"🛑 Security Monitor shutting down...","meta":{},"pid":626530}
{"timestamp":"2025-08-19T22:41:12.849Z","level":"INFO","message":"📊 Security stats: {\"threatsDetected\":0,\"usersBlocked\":0,\"messagesBlocked\":0,\"alertsSent\":0,\"startTime\":1755642754651,\"activeThreats\":0,\"blockedUsers\":0,\"whitelistedUsers\":0,\"suspiciousPatterns\":0,\"uptime\":518198}","meta":{},"pid":626530}
{"timestamp":"2025-08-19T22:41:12.849Z","level":"INFO","message":"✅ Security Monitor shutdown complete","meta":{},"pid":626530}
{"timestamp":"2025-08-19T22:41:14.019Z","level":"INFO","message":"🔒 Security Monitor initialized","meta":{},"pid":627182}
{"timestamp":"2025-08-19T22:41:18.671Z","level":"INFO","message":"🔒 Security Monitor initialized","meta":{},"pid":627182}
{"timestamp":"2025-08-19T22:51:54.103Z","level":"INFO","message":"🛑 Security Monitor shutting down...","meta":{},"pid":627182}
{"timestamp":"2025-08-19T22:51:54.104Z","level":"INFO","message":"📊 Security stats: {\"threatsDetected\":0,\"usersBlocked\":0,\"messagesBlocked\":0,\"alertsSent\":0,\"startTime\":1755643274019,\"activeThreats\":0,\"blockedUsers\":0,\"whitelistedUsers\":0,\"suspiciousPatterns\":0,\"uptime\":640085}","meta":{},"pid":627182}
{"timestamp":"2025-08-19T22:51:54.104Z","level":"INFO","message":"✅ Security Monitor shutdown complete","meta":{},"pid":627182}
{"timestamp":"2025-08-19T22:51:55.317Z","level":"INFO","message":"🔒 Security Monitor initialized","meta":{},"pid":627812}
{"timestamp":"2025-08-19T22:52:00.085Z","level":"INFO","message":"🔒 Security Monitor initialized","meta":{},"pid":627812}
{"timestamp":"2025-08-19T22:59:01.075Z","level":"INFO","message":"🛑 Security Monitor shutting down...","meta":{},"pid":627812}
{"timestamp":"2025-08-19T22:59:01.075Z","level":"INFO","message":"📊 Security stats: {\"threatsDetected\":0,\"usersBlocked\":0,\"messagesBlocked\":0,\"alertsSent\":0,\"startTime\":1755643915317,\"activeThreats\":0,\"blockedUsers\":0,\"whitelistedUsers\":0,\"suspiciousPatterns\":0,\"uptime\":425758}","meta":{},"pid":627812}
{"timestamp":"2025-08-19T22:59:01.075Z","level":"INFO","message":"✅ Security Monitor shutdown complete","meta":{},"pid":627812}
{"timestamp":"2025-08-19T22:59:02.269Z","level":"INFO","message":"🔒 Security Monitor initialized","meta":{},"pid":628227}
{"timestamp":"2025-08-19T22:59:07.488Z","level":"INFO","message":"🔒 Security Monitor initialized","meta":{},"pid":628227}
{"timestamp":"2025-08-19T23:06:08.868Z","level":"INFO","message":"🛑 Security Monitor shutting down...","meta":{},"pid":628227}
{"timestamp":"2025-08-19T23:06:08.869Z","level":"INFO","message":"📊 Security stats: {\"threatsDetected\":0,\"usersBlocked\":0,\"messagesBlocked\":0,\"alertsSent\":0,\"startTime\":1755644342269,\"activeThreats\":0,\"blockedUsers\":0,\"whitelistedUsers\":0,\"suspiciousPatterns\":0,\"uptime\":426600}","meta":{},"pid":628227}
{"timestamp":"2025-08-19T23:06:08.869Z","level":"INFO","message":"✅ Security Monitor shutdown complete","meta":{},"pid":628227}
{"timestamp":"2025-08-19T23:06:10.004Z","level":"INFO","message":"🔒 Security Monitor initialized","meta":{},"pid":628635}
{"timestamp":"2025-08-19T23:06:15.296Z","level":"INFO","message":"🔒 Security Monitor initialized","meta":{},"pid":628635}
{"timestamp":"2025-08-19T23:13:46.707Z","level":"INFO","message":"🛑 Security Monitor shutting down...","meta":{},"pid":628635}
{"timestamp":"2025-08-19T23:13:46.707Z","level":"INFO","message":"📊 Security stats: {\"threatsDetected\":0,\"usersBlocked\":0,\"messagesBlocked\":0,\"alertsSent\":0,\"startTime\":1755644770003,\"activeThreats\":0,\"blockedUsers\":0,\"whitelistedUsers\":0,\"suspiciousPatterns\":0,\"uptime\":456704}","meta":{},"pid":628635}
{"timestamp":"2025-08-19T23:13:46.707Z","level":"INFO","message":"✅ Security Monitor shutdown complete","meta":{},"pid":628635}
{"timestamp":"2025-08-19T23:13:47.700Z","level":"INFO","message":"🔒 Security Monitor initialized","meta":{},"pid":629047}
{"timestamp":"2025-08-19T23:13:52.882Z","level":"INFO","message":"🔒 Security Monitor initialized","meta":{},"pid":629047}
{"timestamp":"2025-08-19T23:21:55.248Z","level":"INFO","message":"🛑 Security Monitor shutting down...","meta":{},"pid":629047}
{"timestamp":"2025-08-19T23:21:55.249Z","level":"INFO","message":"📊 Security stats: {\"threatsDetected\":0,\"usersBlocked\":0,\"messagesBlocked\":0,\"alertsSent\":0,\"startTime\":1755645227699,\"activeThreats\":0,\"blockedUsers\":0,\"whitelistedUsers\":0,\"suspiciousPatterns\":0,\"uptime\":487550}","meta":{},"pid":629047}
{"timestamp":"2025-08-19T23:21:55.249Z","level":"INFO","message":"✅ Security Monitor shutdown complete","meta":{},"pid":629047}
{"timestamp":"2025-08-19T23:21:56.302Z","level":"INFO","message":"🔒 Security Monitor initialized","meta":{},"pid":629481}
{"timestamp":"2025-08-19T23:22:00.910Z","level":"INFO","message":"🔒 Security Monitor initialized","meta":{},"pid":629481}
{"timestamp":"2025-08-19T23:30:06.258Z","level":"INFO","message":"🛑 Security Monitor shutting down...","meta":{},"pid":629481}
{"timestamp":"2025-08-19T23:30:06.258Z","level":"INFO","message":"📊 Security stats: {\"threatsDetected\":0,\"usersBlocked\":0,\"messagesBlocked\":0,\"alertsSent\":0,\"startTime\":1755645716302,\"activeThreats\":0,\"blockedUsers\":0,\"whitelistedUsers\":0,\"suspiciousPatterns\":0,\"uptime\":489956}","meta":{},"pid":629481}
{"timestamp":"2025-08-19T23:30:06.259Z","level":"INFO","message":"✅ Security Monitor shutdown complete","meta":{},"pid":629481}
{"timestamp":"2025-08-19T23:30:07.471Z","level":"INFO","message":"🔒 Security Monitor initialized","meta":{},"pid":630033}
{"timestamp":"2025-08-19T23:30:12.881Z","level":"INFO","message":"🔒 Security Monitor initialized","meta":{},"pid":630033}
{"timestamp":"2025-08-19T23:38:15.892Z","level":"INFO","message":"🛑 Security Monitor shutting down...","meta":{},"pid":630033}
{"timestamp":"2025-08-19T23:38:15.892Z","level":"INFO","message":"📊 Security stats: {\"threatsDetected\":0,\"usersBlocked\":0,\"messagesBlocked\":0,\"alertsSent\":0,\"startTime\":1755646207470,\"activeThreats\":0,\"blockedUsers\":0,\"whitelistedUsers\":0,\"suspiciousPatterns\":0,\"uptime\":488422}","meta":{},"pid":630033}
{"timestamp":"2025-08-19T23:38:15.892Z","level":"INFO","message":"✅ Security Monitor shutdown complete","meta":{},"pid":630033}
{"timestamp":"2025-08-19T23:38:16.999Z","level":"INFO","message":"🔒 Security Monitor initialized","meta":{},"pid":630469}
{"timestamp":"2025-08-19T23:38:22.165Z","level":"INFO","message":"🔒 Security Monitor initialized","meta":{},"pid":630469}
{"timestamp":"2025-08-19T23:47:25.056Z","level":"INFO","message":"🛑 Security Monitor shutting down...","meta":{},"pid":630469}
{"timestamp":"2025-08-19T23:47:25.056Z","level":"INFO","message":"📊 Security stats: {\"threatsDetected\":0,\"usersBlocked\":0,\"messagesBlocked\":0,\"alertsSent\":0,\"startTime\":1755646696998,\"activeThreats\":0,\"blockedUsers\":0,\"whitelistedUsers\":0,\"suspiciousPatterns\":0,\"uptime\":548058}","meta":{},"pid":630469}
{"timestamp":"2025-08-19T23:47:25.056Z","level":"INFO","message":"✅ Security Monitor shutdown complete","meta":{},"pid":630469}
{"timestamp":"2025-08-19T23:47:26.108Z","level":"INFO","message":"🔒 Security Monitor initialized","meta":{},"pid":630960}
{"timestamp":"2025-08-19T23:47:30.677Z","level":"INFO","message":"🔒 Security Monitor initialized","meta":{},"pid":630960}
{"timestamp":"2025-08-19T23:55:04.243Z","level":"INFO","message":"🛑 Security Monitor shutting down...","meta":{},"pid":630960}
{"timestamp":"2025-08-19T23:55:04.243Z","level":"INFO","message":"📊 Security stats: {\"threatsDetected\":0,\"usersBlocked\":0,\"messagesBlocked\":0,\"alertsSent\":0,\"startTime\":1755647246108,\"activeThreats\":0,\"blockedUsers\":0,\"whitelistedUsers\":0,\"suspiciousPatterns\":0,\"uptime\":458135}","meta":{},"pid":630960}
{"timestamp":"2025-08-19T23:55:04.244Z","level":"INFO","message":"✅ Security Monitor shutdown complete","meta":{},"pid":630960}
{"timestamp":"2025-08-19T23:55:05.379Z","level":"INFO","message":"🔒 Security Monitor initialized","meta":{},"pid":631341}
{"timestamp":"2025-08-19T23:55:10.562Z","level":"INFO","message":"🔒 Security Monitor initialized","meta":{},"pid":631341}
