{"timestamp":"2025-08-18T10:32:47.192Z","level":"INFO","message":"🔒 Security Monitor initialized","meta":{},"pid":7140}
{"timestamp":"2025-08-18T10:32:58.021Z","level":"INFO","message":"🔒 Security Monitor initialized","meta":{},"pid":7140}
{"timestamp":"2025-08-18T10:54:51.471Z","level":"INFO","message":"Message received","meta":{"userId":"264817375744@s.whatsapp.net","businessId":"264813141453","messageLength":0,"action":"received"},"pid":7140}
{"timestamp":"2025-08-18T10:54:58.315Z","level":"INFO","message":"Message received","meta":{"userId":"264817375744@s.whatsapp.net","businessId":"264813141453","messageLength":0,"action":"received"},"pid":7140}
{"timestamp":"2025-08-18T10:55:12.907Z","level":"INFO","message":"Message received","meta":{"userId":"264817375744@s.whatsapp.net","businessId":"264813141453","messageLength":0,"action":"received"},"pid":7140}
{"timestamp":"2025-08-18T10:55:17.296Z","level":"INFO","message":"Message received","meta":{"userId":"264817375744@s.whatsapp.net","businessId":"264813141453","messageLength":0,"action":"received"},"pid":7140}
{"timestamp":"2025-08-18T10:55:28.408Z","level":"INFO","message":"Message received","meta":{"userId":"264817375744@s.whatsapp.net","businessId":"264813141453","messageLength":0,"action":"received"},"pid":7140}
{"timestamp":"2025-08-18T10:55:33.260Z","level":"INFO","message":"Message received","meta":{"userId":"264817375744@s.whatsapp.net","businessId":"264813141453","messageLength":0,"action":"received"},"pid":7140}
{"timestamp":"2025-08-18T10:55:36.954Z","level":"INFO","message":"Message received","meta":{"userId":"264817375744@s.whatsapp.net","businessId":"264813141453","messageLength":0,"action":"received"},"pid":7140}
{"timestamp":"2025-08-18T11:13:41.312Z","level":"INFO","message":"🛑 Security Monitor shutting down...","meta":{},"pid":7140}
{"timestamp":"2025-08-18T11:13:41.312Z","level":"INFO","message":"📊 Security stats: {\"threatsDetected\":0,\"usersBlocked\":0,\"messagesBlocked\":0,\"alertsSent\":0,\"startTime\":1755513167191,\"activeThreats\":0,\"blockedUsers\":0,\"whitelistedUsers\":0,\"suspiciousPatterns\":0,\"uptime\":2454121}","meta":{},"pid":7140}
{"timestamp":"2025-08-18T11:13:41.313Z","level":"INFO","message":"✅ Security Monitor shutdown complete","meta":{},"pid":7140}
{"timestamp":"2025-08-18T11:14:01.737Z","level":"INFO","message":"🔒 Security Monitor initialized","meta":{},"pid":9032}
{"timestamp":"2025-08-18T11:14:10.944Z","level":"INFO","message":"🔒 Security Monitor initialized","meta":{},"pid":9032}
{"timestamp":"2025-08-18T11:14:34.892Z","level":"INFO","message":"Message received","meta":{"userId":"264817375744@s.whatsapp.net","businessId":"264813141453","messageLength":0,"action":"received"},"pid":9032}
{"timestamp":"2025-08-18T11:14:47.917Z","level":"INFO","message":"Message received","meta":{"userId":"264817375744@s.whatsapp.net","businessId":"264813141453","messageLength":0,"action":"received"},"pid":9032}
{"timestamp":"2025-08-18T11:14:52.581Z","level":"INFO","message":"Message received","meta":{"userId":"264817375744@s.whatsapp.net","businessId":"264813141453","messageLength":0,"action":"received"},"pid":9032}
{"timestamp":"2025-08-18T11:14:58.079Z","level":"INFO","message":"Message received","meta":{"userId":"264817375744@s.whatsapp.net","businessId":"264813141453","messageLength":0,"action":"received"},"pid":9032}
{"timestamp":"2025-08-18T11:15:04.574Z","level":"INFO","message":"Message received","meta":{"userId":"264817375744@s.whatsapp.net","businessId":"264813141453","messageLength":0,"action":"received"},"pid":9032}
{"timestamp":"2025-08-18T11:17:01.106Z","level":"INFO","message":"Message received","meta":{"userId":"264817375744@s.whatsapp.net","businessId":"264813141453","messageLength":0,"action":"received"},"pid":9032}
{"timestamp":"2025-08-18T11:17:06.384Z","level":"INFO","message":"Message received","meta":{"userId":"264817375744@s.whatsapp.net","businessId":"264813141453","messageLength":0,"action":"received"},"pid":9032}
{"timestamp":"2025-08-18T11:17:13.000Z","level":"INFO","message":"🛑 Security Monitor shutting down...","meta":{},"pid":9032}
{"timestamp":"2025-08-18T11:17:13.001Z","level":"INFO","message":"📊 Security stats: {\"threatsDetected\":0,\"usersBlocked\":0,\"messagesBlocked\":0,\"alertsSent\":0,\"startTime\":1755515641737,\"activeThreats\":0,\"blockedUsers\":0,\"whitelistedUsers\":0,\"suspiciousPatterns\":0,\"uptime\":191264}","meta":{},"pid":9032}
{"timestamp":"2025-08-18T11:17:13.001Z","level":"INFO","message":"✅ Security Monitor shutdown complete","meta":{},"pid":9032}
{"timestamp":"2025-08-18T11:17:35.100Z","level":"INFO","message":"🔒 Security Monitor initialized","meta":{},"pid":5556}
{"timestamp":"2025-08-18T11:17:44.305Z","level":"INFO","message":"🔒 Security Monitor initialized","meta":{},"pid":5556}
{"timestamp":"2025-08-18T11:18:01.372Z","level":"INFO","message":"Message received","meta":{"userId":"264817375744@s.whatsapp.net","businessId":"264813141453","messageLength":0,"action":"received"},"pid":5556}
{"timestamp":"2025-08-18T11:18:06.579Z","level":"INFO","message":"Message received","meta":{"userId":"264817375744@s.whatsapp.net","businessId":"264813141453","messageLength":0,"action":"received"},"pid":5556}
{"timestamp":"2025-08-18T11:18:13.534Z","level":"INFO","message":"Message received","meta":{"userId":"264817375744@s.whatsapp.net","businessId":"264813141453","messageLength":0,"action":"received"},"pid":5556}
{"timestamp":"2025-08-18T11:18:22.496Z","level":"INFO","message":"Message received","meta":{"userId":"264817375744@s.whatsapp.net","businessId":"264813141453","messageLength":0,"action":"received"},"pid":5556}
{"timestamp":"2025-08-18T11:18:36.672Z","level":"INFO","message":"Message received","meta":{"userId":"264817375744@s.whatsapp.net","businessId":"264813141453","messageLength":0,"action":"received"},"pid":5556}
{"timestamp":"2025-08-18T11:36:19.184Z","level":"INFO","message":"🛑 Security Monitor shutting down...","meta":{},"pid":5556}
{"timestamp":"2025-08-18T11:36:19.185Z","level":"INFO","message":"📊 Security stats: {\"threatsDetected\":0,\"usersBlocked\":0,\"messagesBlocked\":0,\"alertsSent\":0,\"startTime\":1755515855100,\"activeThreats\":0,\"blockedUsers\":0,\"whitelistedUsers\":0,\"suspiciousPatterns\":0,\"uptime\":1124085}","meta":{},"pid":5556}
{"timestamp":"2025-08-18T11:36:19.185Z","level":"INFO","message":"✅ Security Monitor shutdown complete","meta":{},"pid":5556}
