{"timestamp":"2025-08-12T02:05:53.592Z","level":"INFO","message":"🔒 Security Monitor initialized","meta":{},"pid":15228}
{"timestamp":"2025-08-12T02:06:05.200Z","level":"INFO","message":"🔒 Security Monitor initialized","meta":{},"pid":15228}
{"timestamp":"2025-08-12T02:06:13.945Z","level":"INFO","message":"Message received","meta":{"userId":"264817375744@s.whatsapp.net","businessId":"r8DS3ktegrYoj3AIKvRWUByOKay1","messageLength":0,"action":"received"},"pid":15228}
{"timestamp":"2025-08-12T02:06:19.454Z","level":"INFO","message":"Message received","meta":{"userId":"264817375744@s.whatsapp.net","businessId":"r8DS3ktegrYoj3AIKvRWUByOKay1","messageLength":0,"action":"received"},"pid":15228}
{"timestamp":"2025-08-12T02:06:22.750Z","level":"INFO","message":"Message received","meta":{"userId":"264817375744@s.whatsapp.net","businessId":"r8DS3ktegrYoj3AIKvRWUByOKay1","messageLength":0,"action":"received"},"pid":15228}
{"timestamp":"2025-08-12T02:06:30.398Z","level":"INFO","message":"Message received","meta":{"userId":"264817375744@s.whatsapp.net","businessId":"r8DS3ktegrYoj3AIKvRWUByOKay1","messageLength":0,"action":"received"},"pid":15228}
{"timestamp":"2025-08-12T02:07:12.818Z","level":"INFO","message":"Message received","meta":{"userId":"264817375744@s.whatsapp.net","businessId":"r8DS3ktegrYoj3AIKvRWUByOKay1","messageLength":0,"action":"received"},"pid":15228}
{"timestamp":"2025-08-12T02:07:18.642Z","level":"INFO","message":"Message received","meta":{"userId":"264817375744@s.whatsapp.net","businessId":"r8DS3ktegrYoj3AIKvRWUByOKay1","messageLength":0,"action":"received"},"pid":15228}
{"timestamp":"2025-08-12T02:07:26.739Z","level":"INFO","message":"Message received","meta":{"userId":"264817375744@s.whatsapp.net","businessId":"r8DS3ktegrYoj3AIKvRWUByOKay1","messageLength":0,"action":"received"},"pid":15228}
{"timestamp":"2025-08-12T02:10:37.533Z","level":"INFO","message":"🛑 Security Monitor shutting down...","meta":{},"pid":15228}
{"timestamp":"2025-08-12T02:10:37.533Z","level":"INFO","message":"📊 Security stats: {\"threatsDetected\":0,\"usersBlocked\":0,\"messagesBlocked\":0,\"alertsSent\":0,\"startTime\":1754964353592,\"activeThreats\":0,\"blockedUsers\":0,\"whitelistedUsers\":0,\"suspiciousPatterns\":0,\"uptime\":283941}","meta":{},"pid":15228}
{"timestamp":"2025-08-12T02:10:37.534Z","level":"INFO","message":"✅ Security Monitor shutdown complete","meta":{},"pid":15228}
{"timestamp":"2025-08-12T02:10:51.454Z","level":"INFO","message":"🔒 Security Monitor initialized","meta":{},"pid":18584}
{"timestamp":"2025-08-12T02:10:57.023Z","level":"INFO","message":"🔒 Security Monitor initialized","meta":{},"pid":18584}
{"timestamp":"2025-08-12T02:11:04.750Z","level":"INFO","message":"Message received","meta":{"userId":"264817375744@s.whatsapp.net","businessId":"r8DS3ktegrYoj3AIKvRWUByOKay1","messageLength":0,"action":"received"},"pid":18584}
{"timestamp":"2025-08-12T02:11:10.269Z","level":"INFO","message":"Message received","meta":{"userId":"264817375744@s.whatsapp.net","businessId":"r8DS3ktegrYoj3AIKvRWUByOKay1","messageLength":0,"action":"received"},"pid":18584}
{"timestamp":"2025-08-12T02:11:13.262Z","level":"INFO","message":"Message received","meta":{"userId":"264817375744@s.whatsapp.net","businessId":"r8DS3ktegrYoj3AIKvRWUByOKay1","messageLength":0,"action":"received"},"pid":18584}
{"timestamp":"2025-08-12T02:11:17.621Z","level":"INFO","message":"Message received","meta":{"userId":"264817375744@s.whatsapp.net","businessId":"r8DS3ktegrYoj3AIKvRWUByOKay1","messageLength":0,"action":"received"},"pid":18584}
{"timestamp":"2025-08-12T02:11:24.204Z","level":"INFO","message":"Message received","meta":{"userId":"264817375744@s.whatsapp.net","businessId":"r8DS3ktegrYoj3AIKvRWUByOKay1","messageLength":0,"action":"received"},"pid":18584}
{"timestamp":"2025-08-12T02:11:29.940Z","level":"INFO","message":"Message received","meta":{"userId":"264817375744@s.whatsapp.net","businessId":"r8DS3ktegrYoj3AIKvRWUByOKay1","messageLength":0,"action":"received"},"pid":18584}
