{"timestamp":"2025-08-22T21:07:48.998Z","level":"INFO","message":"🔒 Security Monitor initialized","meta":{},"pid":793987}
{"timestamp":"2025-08-22T21:07:52.298Z","level":"INFO","message":"🔒 Security Monitor initialized","meta":{},"pid":793987}
{"timestamp":"2025-08-22T21:10:13.301Z","level":"INFO","message":"Message received","meta":{"userId":"status@broadcast","businessId":"264817375744","messageLength":0,"action":"received"},"pid":793987}
{"timestamp":"2025-08-22T21:12:27.894Z","level":"INFO","message":"🛑 Security Monitor shutting down...","meta":{},"pid":793987}
{"timestamp":"2025-08-22T21:12:27.894Z","level":"INFO","message":"📊 Security stats: {\"threatsDetected\":0,\"usersBlocked\":0,\"messagesBlocked\":0,\"alertsSent\":0,\"startTime\":1755896868998,\"activeThreats\":0,\"blockedUsers\":0,\"whitelistedUsers\":0,\"suspiciousPatterns\":0,\"uptime\":278896}","meta":{},"pid":793987}
{"timestamp":"2025-08-22T21:12:27.894Z","level":"INFO","message":"✅ Security Monitor shutdown complete","meta":{},"pid":793987}
{"timestamp":"2025-08-22T21:12:39.312Z","level":"INFO","message":"🔒 Security Monitor initialized","meta":{},"pid":794230}
{"timestamp":"2025-08-22T21:12:44.943Z","level":"INFO","message":"🔒 Security Monitor initialized","meta":{},"pid":794230}
{"timestamp":"2025-08-22T21:21:10.865Z","level":"INFO","message":"🛑 Security Monitor shutting down...","meta":{},"pid":725664}
{"timestamp":"2025-08-22T21:21:10.865Z","level":"INFO","message":"📊 Security stats: {\"threatsDetected\":0,\"usersBlocked\":0,\"messagesBlocked\":0,\"alertsSent\":0,\"startTime\":1755793925972,\"activeThreats\":0,\"blockedUsers\":0,\"whitelistedUsers\":0,\"suspiciousPatterns\":0,\"uptime\":103744893}","meta":{},"pid":725664}
{"timestamp":"2025-08-22T21:21:10.866Z","level":"INFO","message":"✅ Security Monitor shutdown complete","meta":{},"pid":725664}
{"timestamp":"2025-08-22T21:21:10.988Z","level":"INFO","message":"🛑 Security Monitor shutting down...","meta":{},"pid":794230}
{"timestamp":"2025-08-22T21:21:10.989Z","level":"INFO","message":"📊 Security stats: {\"threatsDetected\":0,\"usersBlocked\":0,\"messagesBlocked\":0,\"alertsSent\":0,\"startTime\":1755897159311,\"activeThreats\":0,\"blockedUsers\":0,\"whitelistedUsers\":0,\"suspiciousPatterns\":0,\"uptime\":511678}","meta":{},"pid":794230}
{"timestamp":"2025-08-22T21:21:10.989Z","level":"INFO","message":"✅ Security Monitor shutdown complete","meta":{},"pid":794230}
{"timestamp":"2025-08-22T21:21:26.599Z","level":"INFO","message":"🔒 Security Monitor initialized","meta":{},"pid":794770}
{"timestamp":"2025-08-22T21:21:29.192Z","level":"INFO","message":"🔒 Security Monitor initialized","meta":{},"pid":794788}
{"timestamp":"2025-08-22T21:21:32.027Z","level":"INFO","message":"🔒 Security Monitor initialized","meta":{},"pid":794770}
{"timestamp":"2025-08-22T21:21:34.328Z","level":"INFO","message":"🔒 Security Monitor initialized","meta":{},"pid":794788}
{"timestamp":"2025-08-22T21:21:49.896Z","level":"INFO","message":"Message received","meta":{"userId":"264818790698@s.whatsapp.net","businessId":"264813141453","messageLength":0,"action":"received"},"pid":794770}
{"timestamp":"2025-08-22T21:21:52.707Z","level":"INFO","message":"Message received","meta":{"userId":"264818790698@s.whatsapp.net","businessId":"264817375744","messageLength":0,"action":"received"},"pid":794788}
{"timestamp":"2025-08-22T21:28:53.789Z","level":"INFO","message":"Message received","meta":{"userId":"264817375744@s.whatsapp.net","businessId":"264813141453","messageLength":0,"action":"received"},"pid":794770}
{"timestamp":"2025-08-22T21:28:56.305Z","level":"INFO","message":"Message received","meta":{"userId":"264813141453@s.whatsapp.net","businessId":"264817375744","messageLength":0,"action":"received"},"pid":794788}
{"timestamp":"2025-08-22T21:28:57.996Z","level":"INFO","message":"Message received","meta":{"userId":"264817375744@s.whatsapp.net","businessId":"264813141453","messageLength":0,"action":"received"},"pid":794770}
{"timestamp":"2025-08-22T21:29:01.295Z","level":"INFO","message":"Message received","meta":{"userId":"264817375744@s.whatsapp.net","businessId":"264813141453","messageLength":0,"action":"received"},"pid":794770}
{"timestamp":"2025-08-22T21:28:59.939Z","level":"INFO","message":"Message received","meta":{"userId":"264813141453@s.whatsapp.net","businessId":"264817375744","messageLength":0,"action":"received"},"pid":794788}
{"timestamp":"2025-08-22T21:29:03.207Z","level":"INFO","message":"Message received","meta":{"userId":"264813141453@s.whatsapp.net","businessId":"264817375744","messageLength":0,"action":"received"},"pid":794788}
{"timestamp":"2025-08-22T21:29:04.569Z","level":"INFO","message":"Message received","meta":{"userId":"264817375744@s.whatsapp.net","businessId":"264813141453","messageLength":0,"action":"received"},"pid":794770}
{"timestamp":"2025-08-22T21:29:06.495Z","level":"INFO","message":"Message received","meta":{"userId":"264813141453@s.whatsapp.net","businessId":"264817375744","messageLength":0,"action":"received"},"pid":794788}
{"timestamp":"2025-08-22T21:29:07.859Z","level":"INFO","message":"Message received","meta":{"userId":"264817375744@s.whatsapp.net","businessId":"264813141453","messageLength":0,"action":"received"},"pid":794770}
{"timestamp":"2025-08-22T21:29:11.132Z","level":"INFO","message":"Message received","meta":{"userId":"264817375744@s.whatsapp.net","businessId":"264813141453","messageLength":0,"action":"received"},"pid":794770}
{"timestamp":"2025-08-22T21:29:09.772Z","level":"INFO","message":"Message received","meta":{"userId":"264813141453@s.whatsapp.net","businessId":"264817375744","messageLength":0,"action":"received"},"pid":794788}
{"timestamp":"2025-08-22T21:29:13.034Z","level":"INFO","message":"Message received","meta":{"userId":"264813141453@s.whatsapp.net","businessId":"264817375744","messageLength":0,"action":"received"},"pid":794788}
{"timestamp":"2025-08-22T21:29:14.390Z","level":"INFO","message":"Message received","meta":{"userId":"264817375744@s.whatsapp.net","businessId":"264813141453","messageLength":0,"action":"received"},"pid":794770}
{"timestamp":"2025-08-22T21:29:16.300Z","level":"INFO","message":"Message received","meta":{"userId":"264813141453@s.whatsapp.net","businessId":"264817375744","messageLength":0,"action":"received"},"pid":794788}
{"timestamp":"2025-08-22T21:29:18.078Z","level":"INFO","message":"Message received","meta":{"userId":"264813141453@s.whatsapp.net","businessId":"264817375744","messageLength":0,"action":"received"},"pid":794788}
{"timestamp":"2025-08-22T21:29:17.656Z","level":"INFO","message":"Message received","meta":{"userId":"264817375744@s.whatsapp.net","businessId":"264813141453","messageLength":0,"action":"received"},"pid":794770}
{"timestamp":"2025-08-22T21:29:19.407Z","level":"INFO","message":"Message received","meta":{"userId":"264817375744@s.whatsapp.net","businessId":"264813141453","messageLength":0,"action":"received"},"pid":794770}
{"timestamp":"2025-08-22T21:29:20.920Z","level":"INFO","message":"Message received","meta":{"userId":"264817375744@s.whatsapp.net","businessId":"264813141453","messageLength":0,"action":"received"},"pid":794770}
{"timestamp":"2025-08-22T21:29:19.558Z","level":"INFO","message":"Message received","meta":{"userId":"264813141453@s.whatsapp.net","businessId":"264817375744","messageLength":0,"action":"received"},"pid":794788}
{"timestamp":"2025-08-22T21:29:21.301Z","level":"INFO","message":"Message received","meta":{"userId":"264813141453@s.whatsapp.net","businessId":"264817375744","messageLength":0,"action":"received"},"pid":794788}
{"timestamp":"2025-08-22T21:29:22.834Z","level":"INFO","message":"Message received","meta":{"userId":"264813141453@s.whatsapp.net","businessId":"264817375744","messageLength":0,"action":"received"},"pid":794788}
{"timestamp":"2025-08-22T21:29:22.741Z","level":"INFO","message":"Message received","meta":{"userId":"264817375744@s.whatsapp.net","businessId":"264813141453","messageLength":0,"action":"received"},"pid":794770}
{"timestamp":"2025-08-22T21:29:24.169Z","level":"INFO","message":"Message received","meta":{"userId":"264817375744@s.whatsapp.net","businessId":"264813141453","messageLength":0,"action":"received"},"pid":794770}
{"timestamp":"2025-08-22T21:29:25.971Z","level":"INFO","message":"Message received","meta":{"userId":"264817375744@s.whatsapp.net","businessId":"264813141453","messageLength":0,"action":"received"},"pid":794770}
{"timestamp":"2025-08-22T21:29:24.631Z","level":"INFO","message":"Message received","meta":{"userId":"264813141453@s.whatsapp.net","businessId":"264817375744","messageLength":0,"action":"received"},"pid":794788}
{"timestamp":"2025-08-22T21:29:26.058Z","level":"INFO","message":"Message received","meta":{"userId":"264813141453@s.whatsapp.net","businessId":"264817375744","messageLength":0,"action":"received"},"pid":794788}
{"timestamp":"2025-08-22T21:29:27.965Z","level":"INFO","message":"Message received","meta":{"userId":"264813141453@s.whatsapp.net","businessId":"264817375744","messageLength":0,"action":"received"},"pid":794788}
{"timestamp":"2025-08-22T21:29:29.329Z","level":"INFO","message":"Message received","meta":{"userId":"264813141453@s.whatsapp.net","businessId":"264817375744","messageLength":0,"action":"received"},"pid":794788}
{"timestamp":"2025-08-22T21:29:27.400Z","level":"INFO","message":"Message received","meta":{"userId":"264817375744@s.whatsapp.net","businessId":"264813141453","messageLength":0,"action":"received"},"pid":794770}
{"timestamp":"2025-08-22T21:29:29.317Z","level":"INFO","message":"Message received","meta":{"userId":"264817375744@s.whatsapp.net","businessId":"264813141453","messageLength":0,"action":"received"},"pid":794770}
{"timestamp":"2025-08-22T21:29:30.666Z","level":"INFO","message":"Message received","meta":{"userId":"264817375744@s.whatsapp.net","businessId":"264813141453","messageLength":0,"action":"received"},"pid":794770}
{"timestamp":"2025-08-22T21:29:31.204Z","level":"INFO","message":"Message received","meta":{"userId":"264813141453@s.whatsapp.net","businessId":"264817375744","messageLength":0,"action":"received"},"pid":794788}
{"timestamp":"2025-08-22T21:29:32.534Z","level":"INFO","message":"Message received","meta":{"userId":"264813141453@s.whatsapp.net","businessId":"264817375744","messageLength":0,"action":"received"},"pid":794788}
{"timestamp":"2025-08-22T21:29:32.551Z","level":"INFO","message":"Message received","meta":{"userId":"264817375744@s.whatsapp.net","businessId":"264813141453","messageLength":0,"action":"received"},"pid":794770}
{"timestamp":"2025-08-22T21:29:33.882Z","level":"INFO","message":"Message received","meta":{"userId":"264817375744@s.whatsapp.net","businessId":"264813141453","messageLength":0,"action":"received"},"pid":794770}
{"timestamp":"2025-08-22T21:29:35.791Z","level":"INFO","message":"Message received","meta":{"userId":"264817375744@s.whatsapp.net","businessId":"264813141453","messageLength":0,"action":"received"},"pid":794770}
{"timestamp":"2025-08-22T21:29:36.694Z","level":"INFO","message":"Message received","meta":{"userId":"264817375744@s.whatsapp.net","businessId":"264813141453","messageLength":0,"action":"received"},"pid":794770}
{"timestamp":"2025-08-22T21:29:34.447Z","level":"INFO","message":"Message received","meta":{"userId":"264813141453@s.whatsapp.net","businessId":"264817375744","messageLength":0,"action":"received"},"pid":794788}
{"timestamp":"2025-08-22T21:29:35.364Z","level":"INFO","message":"Message received","meta":{"userId":"264813141453@s.whatsapp.net","businessId":"264817375744","messageLength":0,"action":"received"},"pid":794788}
{"timestamp":"2025-08-22T21:29:37.692Z","level":"INFO","message":"Message received","meta":{"userId":"264813141453@s.whatsapp.net","businessId":"264817375744","messageLength":0,"action":"received"},"pid":794788}
{"timestamp":"2025-08-22T21:29:38.578Z","level":"INFO","message":"Message received","meta":{"userId":"264813141453@s.whatsapp.net","businessId":"264817375744","messageLength":0,"action":"received"},"pid":794788}
{"timestamp":"2025-08-22T21:29:39.040Z","level":"INFO","message":"Message received","meta":{"userId":"264817375744@s.whatsapp.net","businessId":"264813141453","messageLength":0,"action":"received"},"pid":794770}
{"timestamp":"2025-08-22T21:29:39.931Z","level":"INFO","message":"Message received","meta":{"userId":"264817375744@s.whatsapp.net","businessId":"264813141453","messageLength":0,"action":"received"},"pid":794770}
{"timestamp":"2025-08-22T21:29:40.950Z","level":"INFO","message":"Message received","meta":{"userId":"264813141453@s.whatsapp.net","businessId":"264817375744","messageLength":0,"action":"received"},"pid":794788}
{"timestamp":"2025-08-22T21:29:41.818Z","level":"INFO","message":"Message received","meta":{"userId":"264813141453@s.whatsapp.net","businessId":"264817375744","messageLength":0,"action":"received"},"pid":794788}
{"timestamp":"2025-08-22T21:29:44.203Z","level":"INFO","message":"Message received","meta":{"userId":"264813141453@s.whatsapp.net","businessId":"264817375744","messageLength":0,"action":"received"},"pid":794788}
{"timestamp":"2025-08-22T21:29:42.304Z","level":"INFO","message":"Message received","meta":{"userId":"264817375744@s.whatsapp.net","businessId":"264813141453","messageLength":0,"action":"received"},"pid":794770}
{"timestamp":"2025-08-22T21:29:43.149Z","level":"INFO","message":"Message received","meta":{"userId":"264817375744@s.whatsapp.net","businessId":"264813141453","messageLength":0,"action":"received"},"pid":794770}
{"timestamp":"2025-08-22T21:29:45.550Z","level":"INFO","message":"Message received","meta":{"userId":"264817375744@s.whatsapp.net","businessId":"264813141453","messageLength":0,"action":"received"},"pid":794770}
{"timestamp":"2025-08-22T21:29:46.390Z","level":"INFO","message":"Message received","meta":{"userId":"264817375744@s.whatsapp.net","businessId":"264813141453","messageLength":0,"action":"received"},"pid":794770}
{"timestamp":"2025-08-22T21:29:45.047Z","level":"INFO","message":"Message received","meta":{"userId":"264813141453@s.whatsapp.net","businessId":"264817375744","messageLength":0,"action":"received"},"pid":794788}
{"timestamp":"2025-08-22T21:29:47.444Z","level":"INFO","message":"Message received","meta":{"userId":"264813141453@s.whatsapp.net","businessId":"264817375744","messageLength":0,"action":"received"},"pid":794788}
{"timestamp":"2025-08-22T21:29:48.263Z","level":"INFO","message":"Message received","meta":{"userId":"264813141453@s.whatsapp.net","businessId":"264817375744","messageLength":0,"action":"received"},"pid":794788}
{"timestamp":"2025-08-22T21:29:48.802Z","level":"INFO","message":"Message received","meta":{"userId":"264817375744@s.whatsapp.net","businessId":"264813141453","messageLength":0,"action":"received"},"pid":794770}
{"timestamp":"2025-08-22T21:29:49.614Z","level":"INFO","message":"Message received","meta":{"userId":"264817375744@s.whatsapp.net","businessId":"264813141453","messageLength":0,"action":"received"},"pid":794770}
{"timestamp":"2025-08-22T21:29:50.809Z","level":"INFO","message":"Message received","meta":{"userId":"264813141453@s.whatsapp.net","businessId":"264817375744","messageLength":0,"action":"received"},"pid":794788}
{"timestamp":"2025-08-22T21:29:51.503Z","level":"INFO","message":"Message received","meta":{"userId":"264813141453@s.whatsapp.net","businessId":"264817375744","messageLength":0,"action":"received"},"pid":794788}
{"timestamp":"2025-08-22T21:29:54.043Z","level":"INFO","message":"Message received","meta":{"userId":"264813141453@s.whatsapp.net","businessId":"264817375744","messageLength":0,"action":"received"},"pid":794788}
{"timestamp":"2025-08-22T21:29:52.144Z","level":"INFO","message":"Message received","meta":{"userId":"264817375744@s.whatsapp.net","businessId":"264813141453","messageLength":0,"action":"received"},"pid":794770}
{"timestamp":"2025-08-22T21:29:52.840Z","level":"INFO","message":"Message received","meta":{"userId":"264817375744@s.whatsapp.net","businessId":"264813141453","messageLength":0,"action":"received"},"pid":794770}
{"timestamp":"2025-08-22T21:29:55.379Z","level":"INFO","message":"Message received","meta":{"userId":"264817375744@s.whatsapp.net","businessId":"264813141453","messageLength":0,"action":"received"},"pid":794770}
{"timestamp":"2025-08-22T21:29:56.065Z","level":"INFO","message":"Message received","meta":{"userId":"264817375744@s.whatsapp.net","businessId":"264813141453","messageLength":0,"action":"received"},"pid":794770}
{"timestamp":"2025-08-22T21:29:54.743Z","level":"INFO","message":"Message received","meta":{"userId":"264813141453@s.whatsapp.net","businessId":"264817375744","messageLength":0,"action":"received"},"pid":794788}
{"timestamp":"2025-08-22T21:29:57.292Z","level":"INFO","message":"Message received","meta":{"userId":"264813141453@s.whatsapp.net","businessId":"264817375744","messageLength":0,"action":"received"},"pid":794788}
{"timestamp":"2025-08-22T21:29:58.275Z","level":"INFO","message":"Message received","meta":{"userId":"264813141453@s.whatsapp.net","businessId":"264817375744","messageLength":0,"action":"received"},"pid":794788}
{"timestamp":"2025-08-22T21:29:58.634Z","level":"INFO","message":"Message received","meta":{"userId":"264817375744@s.whatsapp.net","businessId":"264813141453","messageLength":0,"action":"received"},"pid":794770}
{"timestamp":"2025-08-22T21:29:59.604Z","level":"INFO","message":"Message received","meta":{"userId":"264817375744@s.whatsapp.net","businessId":"264813141453","messageLength":0,"action":"received"},"pid":794770}
{"timestamp":"2025-08-22T21:30:01.918Z","level":"INFO","message":"Message received","meta":{"userId":"264817375744@s.whatsapp.net","businessId":"264813141453","messageLength":0,"action":"received"},"pid":794770}
{"timestamp":"2025-08-22T21:30:00.542Z","level":"INFO","message":"Message received","meta":{"userId":"264813141453@s.whatsapp.net","businessId":"264817375744","messageLength":0,"action":"received"},"pid":794788}
{"timestamp":"2025-08-22T21:30:01.490Z","level":"INFO","message":"Message received","meta":{"userId":"264813141453@s.whatsapp.net","businessId":"264817375744","messageLength":0,"action":"received"},"pid":794788}
{"timestamp":"2025-08-22T21:30:03.839Z","level":"INFO","message":"Message received","meta":{"userId":"264813141453@s.whatsapp.net","businessId":"264817375744","messageLength":0,"action":"received"},"pid":794788}
{"timestamp":"2025-08-22T21:30:02.867Z","level":"INFO","message":"Message received","meta":{"userId":"264817375744@s.whatsapp.net","businessId":"264813141453","messageLength":0,"action":"received"},"pid":794770}
{"timestamp":"2025-08-22T21:30:05.423Z","level":"INFO","message":"Message received","meta":{"userId":"264817375744@s.whatsapp.net","businessId":"264813141453","messageLength":0,"action":"received"},"pid":794770}
{"timestamp":"2025-08-22T21:30:06.123Z","level":"INFO","message":"Message received","meta":{"userId":"264817375744@s.whatsapp.net","businessId":"264813141453","messageLength":0,"action":"received"},"pid":794770}
{"timestamp":"2025-08-22T21:30:04.773Z","level":"INFO","message":"Message received","meta":{"userId":"264813141453@s.whatsapp.net","businessId":"264817375744","messageLength":0,"action":"received"},"pid":794788}
{"timestamp":"2025-08-22T21:30:07.330Z","level":"INFO","message":"Message received","meta":{"userId":"264813141453@s.whatsapp.net","businessId":"264817375744","messageLength":0,"action":"received"},"pid":794788}
{"timestamp":"2025-08-22T21:30:08.032Z","level":"INFO","message":"Message received","meta":{"userId":"264813141453@s.whatsapp.net","businessId":"264817375744","messageLength":0,"action":"received"},"pid":794788}
{"timestamp":"2025-08-22T21:30:08.678Z","level":"INFO","message":"Message received","meta":{"userId":"264817375744@s.whatsapp.net","businessId":"264813141453","messageLength":0,"action":"received"},"pid":794770}
{"timestamp":"2025-08-22T21:30:09.379Z","level":"INFO","message":"Message received","meta":{"userId":"264817375744@s.whatsapp.net","businessId":"264813141453","messageLength":0,"action":"received"},"pid":794770}
{"timestamp":"2025-08-22T21:30:12.012Z","level":"INFO","message":"Message received","meta":{"userId":"264817375744@s.whatsapp.net","businessId":"264813141453","messageLength":0,"action":"received"},"pid":794770}
{"timestamp":"2025-08-22T21:30:10.667Z","level":"INFO","message":"Message received","meta":{"userId":"264813141453@s.whatsapp.net","businessId":"264817375744","messageLength":0,"action":"received"},"pid":794788}
{"timestamp":"2025-08-22T21:30:11.338Z","level":"INFO","message":"Message received","meta":{"userId":"264813141453@s.whatsapp.net","businessId":"264817375744","messageLength":0,"action":"received"},"pid":794788}
{"timestamp":"2025-08-22T21:30:13.911Z","level":"INFO","message":"Message received","meta":{"userId":"264813141453@s.whatsapp.net","businessId":"264817375744","messageLength":0,"action":"received"},"pid":794788}
{"timestamp":"2025-08-22T21:30:12.675Z","level":"INFO","message":"Message received","meta":{"userId":"264817375744@s.whatsapp.net","businessId":"264813141453","messageLength":0,"action":"received"},"pid":794770}
{"timestamp":"2025-08-22T21:30:15.251Z","level":"INFO","message":"Message received","meta":{"userId":"264817375744@s.whatsapp.net","businessId":"264813141453","messageLength":0,"action":"received"},"pid":794770}
{"timestamp":"2025-08-22T21:30:15.891Z","level":"INFO","message":"Message received","meta":{"userId":"264817375744@s.whatsapp.net","businessId":"264813141453","messageLength":0,"action":"received"},"pid":794770}
{"timestamp":"2025-08-22T21:30:14.559Z","level":"INFO","message":"Message received","meta":{"userId":"264813141453@s.whatsapp.net","businessId":"264817375744","messageLength":0,"action":"received"},"pid":794788}
{"timestamp":"2025-08-22T21:30:17.154Z","level":"INFO","message":"Message received","meta":{"userId":"264813141453@s.whatsapp.net","businessId":"264817375744","messageLength":0,"action":"received"},"pid":794788}
{"timestamp":"2025-08-22T21:30:17.769Z","level":"INFO","message":"Message received","meta":{"userId":"264813141453@s.whatsapp.net","businessId":"264817375744","messageLength":0,"action":"received"},"pid":794788}
{"timestamp":"2025-08-22T21:30:18.495Z","level":"INFO","message":"Message received","meta":{"userId":"264817375744@s.whatsapp.net","businessId":"264813141453","messageLength":0,"action":"received"},"pid":794770}
{"timestamp":"2025-08-22T21:30:19.107Z","level":"INFO","message":"Message received","meta":{"userId":"264817375744@s.whatsapp.net","businessId":"264813141453","messageLength":0,"action":"received"},"pid":794770}
{"timestamp":"2025-08-22T21:30:21.785Z","level":"INFO","message":"Message received","meta":{"userId":"264817375744@s.whatsapp.net","businessId":"264813141453","messageLength":0,"action":"received"},"pid":794770}
{"timestamp":"2025-08-22T21:30:20.444Z","level":"INFO","message":"Message received","meta":{"userId":"264813141453@s.whatsapp.net","businessId":"264817375744","messageLength":0,"action":"received"},"pid":794788}
{"timestamp":"2025-08-22T21:30:20.983Z","level":"INFO","message":"Message received","meta":{"userId":"264813141453@s.whatsapp.net","businessId":"264817375744","messageLength":0,"action":"received"},"pid":794788}
{"timestamp":"2025-08-22T21:30:23.668Z","level":"INFO","message":"Message received","meta":{"userId":"264813141453@s.whatsapp.net","businessId":"264817375744","messageLength":0,"action":"received"},"pid":794788}
{"timestamp":"2025-08-22T21:30:24.219Z","level":"INFO","message":"Message received","meta":{"userId":"264813141453@s.whatsapp.net","businessId":"264817375744","messageLength":0,"action":"received"},"pid":794788}
{"timestamp":"2025-08-22T21:30:22.341Z","level":"INFO","message":"Message received","meta":{"userId":"264817375744@s.whatsapp.net","businessId":"264813141453","messageLength":0,"action":"received"},"pid":794770}
{"timestamp":"2025-08-22T21:30:25.035Z","level":"INFO","message":"Message received","meta":{"userId":"264817375744@s.whatsapp.net","businessId":"264813141453","messageLength":0,"action":"received"},"pid":794770}
{"timestamp":"2025-08-22T21:30:25.554Z","level":"INFO","message":"Message received","meta":{"userId":"264817375744@s.whatsapp.net","businessId":"264813141453","messageLength":0,"action":"received"},"pid":794770}
{"timestamp":"2025-08-22T21:30:26.565Z","level":"INFO","message":"Message received","meta":{"userId":"264813141453@s.whatsapp.net","businessId":"264817375744","messageLength":0,"action":"received"},"pid":794788}
{"timestamp":"2025-08-22T21:30:27.173Z","level":"INFO","message":"Message received","meta":{"userId":"264813141453@s.whatsapp.net","businessId":"264817375744","messageLength":0,"action":"received"},"pid":794788}
{"timestamp":"2025-08-22T21:30:27.899Z","level":"INFO","message":"Message received","meta":{"userId":"264817375744@s.whatsapp.net","businessId":"264813141453","messageLength":0,"action":"received"},"pid":794770}
{"timestamp":"2025-08-22T21:30:28.517Z","level":"INFO","message":"Message received","meta":{"userId":"264817375744@s.whatsapp.net","businessId":"264813141453","messageLength":0,"action":"received"},"pid":794770}
{"timestamp":"2025-08-22T21:30:30.743Z","level":"INFO","message":"Message received","meta":{"userId":"264817375744@s.whatsapp.net","businessId":"264813141453","messageLength":0,"action":"received"},"pid":794770}
{"timestamp":"2025-08-22T21:30:31.342Z","level":"INFO","message":"Message received","meta":{"userId":"264817375744@s.whatsapp.net","businessId":"264813141453","messageLength":0,"action":"received"},"pid":794770}
{"timestamp":"2025-08-22T21:30:29.391Z","level":"INFO","message":"Message received","meta":{"userId":"264813141453@s.whatsapp.net","businessId":"264817375744","messageLength":0,"action":"received"},"pid":794788}
{"timestamp":"2025-08-22T21:30:29.996Z","level":"INFO","message":"Message received","meta":{"userId":"264813141453@s.whatsapp.net","businessId":"264817375744","messageLength":0,"action":"received"},"pid":794788}
{"timestamp":"2025-08-22T21:30:32.236Z","level":"INFO","message":"Message received","meta":{"userId":"264813141453@s.whatsapp.net","businessId":"264817375744","messageLength":0,"action":"received"},"pid":794788}
{"timestamp":"2025-08-22T21:30:32.740Z","level":"INFO","message":"🛑 Security Monitor shutting down...","meta":{},"pid":794788}
{"timestamp":"2025-08-22T21:30:32.740Z","level":"INFO","message":"📊 Security stats: {\"threatsDetected\":0,\"usersBlocked\":0,\"messagesBlocked\":0,\"alertsSent\":0,\"startTime\":1755897689192,\"activeThreats\":0,\"blockedUsers\":0,\"whitelistedUsers\":0,\"suspiciousPatterns\":0,\"uptime\":543548}","meta":{},"pid":794788}
{"timestamp":"2025-08-22T21:30:32.740Z","level":"INFO","message":"✅ Security Monitor shutdown complete","meta":{},"pid":794788}
